<html>
<body>
<pre>
<h1>礦ision Build Log</h1>
<h2>Tool Versions:</h2>
IDE-Version: μVision V5.24.2.0
Copyright (C) 2017 ARM Ltd and ARM Germany GmbH. All rights reserved.
License Information: xiaogs top, xiaogstop, LIC=WHYII-T1T02-QDFKD-80SQG-BIKFE-T35HY
 
Tool Versions:
Toolchain:       MDK-ARM Plus  Version: 5.24.1
Toolchain Path:  D:\keil_c51\ARM\ARMCC\Bin
C Compiler:      Armcc.exe V5.06 update 5 (build 528)
Assembler:       Armasm.exe V5.06 update 5 (build 528)
Linker/Locator:  ArmLink.exe V5.06 update 5 (build 528)
Library Manager: ArmAr.exe V5.06 update 5 (build 528)
Hex Converter:   FromElf.exe V5.06 update 5 (build 528)
CPU DLL:         SARMCM3.DLL V5.24.1
Dialog DLL:      DCM.DLL V1.16.0.0
Target DLL:      STLink\ST-LINKIII-KEIL_SWO.dll V3.0.1.0
Dialog DLL:      TCM.DLL V1.32.0.0
 
<h2>Project:</h2>
G:\STM32_Project\uwb\uwb_mini3s\USER\SPI.uvprojx
Project File Date:  06/04/2020

<h2>Output:</h2>
*** Using Compiler 'V5.06 update 5 (build 528)', folder: 'D:\keil_c51\ARM\ARMCC\Bin'
Build target 'TREK1000'
compiling deca_mutex.c...
compiling instance_calib.c...
compiling deca_range_tables.c...
compiling deca_params_init.c...
compiling instance.c...
..\HARDWARE\application\instance.c(226): warning:  #188-D: enumerated type mixed with another type
              inst->nextState = 0; //clear
..\HARDWARE\application\instance.c(315): warning:  #188-D: enumerated type mixed with another type
                  inst->nextState = 0; //clear
..\HARDWARE\application\instance.c: 2 warnings, 0 errors
compiling instance_common.c...
..\HARDWARE\application\instance_common.c(155): warning:  #188-D: enumerated type mixed with another type
      instance_data[0].mode =  inst_mode;                   // set the role
..\HARDWARE\application\instance_common.c(747): warning:  #161-D: unrecognized #pragma
  #pragma GCC optimize ("O0")
..\HARDWARE\application\instance_common.c: 2 warnings, 0 errors
compiling deca_device.c...
..\HARDWARE\decadriver\deca_device.c(1216): warning:  #223-D: function "writetospi_serial" declared implicitly
      return 
ritetospi(cnt,header,length,buffer);
..\HARDWARE\decadriver\deca_device.c(1293): warning:  #223-D: function "readfromspi_serial" declared implicitly
      return 
eadfromspi(cnt, header, length, buffer);  // result is stored in the buffer
..\HARDWARE\decadriver\deca_device.c(1315): warning:  #68-D: integer conversion resulted in a change of sign
      uint32  regval = 
WT_ERROR ;
..\HARDWARE\decadriver\deca_device.c(1348): warning:  #68-D: integer conversion resulted in a change of sign
      uint16  regval = 
WT_ERROR ;
..\HARDWARE\decadriver\deca_device.c(1745): warning:  #68-D: integer conversion resulted in a change of sign
          return 
WT_ERROR;
..\HARDWARE\decadriver\deca_device.c: 5 warnings, 0 errors
compiling deca_spi.c...
compiling device_info.c...
..\HARDWARE\platform\device_info.c(35): warning:  #167-D: argument of type "unsigned char *" is incompatible with parameter of type "char *restrict"
  	sprintf((unsigned char*)&buff_sn[0],"AT+SN=%08x-%08x-%08x-1-1.0\r\n",CpuID[0],CpuID[1],CpuID[2]);
..\HARDWARE\platform\device_info.c(66): warning:  #177-D: variable "temp"  was declared but never referenced
  	u16 temp[50];
..\HARDWARE\platform\device_info.c(67): warning:  #177-D: variable "count"  was declared but never referenced
  	u8 count=0;
..\HARDWARE\platform\device_info.c: 3 warnings, 0 errors
compiling stm32f10x_it.c...
compiling main.c...
main.c(147): warning:  #68-D: integer conversion resulted in a change of sign
              return(-1) ;
main.c(132): warning:  #177-D: variable "result"  was declared but never referenced
      int result;
main.c(257): warning:  #1293-D: assignment in condition
  					while (!(status_reg=
wt_read32bitreg(SYS_STATUS_ID) & (
YS_STATUS_RXFCG| 
LEAR_ALLRXERROR_EVENTS)))//不断查询寄存器直到接收成功
main.c(309): warning:  #111-D: statement is unreachable
  			if(MODULE_ROLE == 1)
main.c(75): warning:  #177-D: variable "dist2"  was declared but never referenced
  static double distance,dist2;
main.c: 5 warnings, 0 errors
compiling led.c...
compiling port.c...
compiling stmflash.c...
compiling hw_config.c...
compiling usb_desc.c...
compiling usb_endp.c...
compiling usb_istr.c...
compiling usb_it.c...
compiling usb_pwr.c...
compiling usb_prop.c...
compiling usb_init.c...
compiling usb_core.c...
compiling usb_int.c...
compiling usb_mem.c...
compiling usb_sil.c...
compiling delay.c...
compiling usb_regs.c...
compiling Queue.c...
..\Public\stdint.h(12): warning:  #47-D: incompatible redefinition of macro "__ARMCLIB_VERSION"  (declared at line 22 of "D:\keil_c51\ARM\ARMCC\Bin\..\include\string.h")
  #define __ARMCLIB_VERSION 5030076
..\Public\Queue.c: 1 warning, 0 errors
compiling dma.c...
compiling usart.c...
compiling sys.c...
compiling misc.c...
compiling stm32f10x_dma.c...
compiling stm32f10x_exti.c...
assembling startup_stm32f10x_md.s...
compiling stm32f10x_gpio.c...
compiling stm32f10x_rcc.c...
compiling stm32f10x_flash.c...
compiling stm32f10x_spi.c...
compiling stm32f10x_usart.c...
compiling system_stm32f10x.c...
linking...
Program Size: Code=36740 RO-data=1356 RW-data=472 ZI-data=8432  
FromELF: creating hex file...
"..\OBJ\SPI.axf" - 0 Error(s), 18 Warning(s).

<h2>Software Packages used:</h2>

Package Vendor: ARM
                http://www.keil.com/pack/ARM.CMSIS.5.0.1.pack
                ARM.CMSIS.5.0.1
                CMSIS (Cortex Microcontroller Software Interface Standard)
   * Component: CORE Version: 5.0.1

Package Vendor: Keil
                http://www.keil.com/pack/Keil.STM32F1xx_DFP.2.3.0.pack
                Keil.STM32F1xx_DFP.2.3.0
                STMicroelectronics STM32F1 Series Device Support, Drivers and Examples
   * Component: USART Version: 3.5.0
   * Component: SPI Version: 3.5.0
   * Component: RCC Version: 3.5.0
   * Component: GPIO Version: 3.5.0
   * Component: Framework Version: 3.5.1
   * Component: Flash Version: 3.5.0
   * Component: EXTI Version: 3.5.0
   * Component: DMA Version: 3.5.0
   * Component: Startup Version: 1.0.0

<h2>Collection of Component include folders:</h2>
  .\RTE\Device\STM32F103T8
  .\RTE\_TREK1000
  D:\keil_c51\ARM\PACK\ARM\CMSIS\5.0.1\CMSIS\Include
  D:\keil_c51\ARM\PACK\Keil\STM32F1xx_DFP\2.3.0\Device\Include
  D:\keil_c51\ARM\PACK\Keil\STM32F1xx_DFP\2.3.0\Device\StdPeriph_Driver\inc

<h2>Collection of Component Files used:</h2>

   * Component: Keil::Device:StdPeriph Drivers:USART:3.5.0
      Include file:  Device\StdPeriph_Driver\inc\stm32f10x_usart.h
      Source file:   Device\StdPeriph_Driver\src\stm32f10x_usart.c

   * Component: Keil::Device:StdPeriph Drivers:SPI:3.5.0
      Include file:  Device\StdPeriph_Driver\inc\stm32f10x_spi.h
      Source file:   Device\StdPeriph_Driver\src\stm32f10x_spi.c

   * Component: Keil::Device:StdPeriph Drivers:RCC:3.5.0
      Source file:   Device\StdPeriph_Driver\src\stm32f10x_rcc.c
      Include file:  Device\StdPeriph_Driver\inc\stm32f10x_rcc.h

   * Component: Keil::Device:StdPeriph Drivers:GPIO:3.5.0
      Include file:  Device\StdPeriph_Driver\inc\stm32f10x_gpio.h
      Source file:   Device\StdPeriph_Driver\src\stm32f10x_gpio.c

   * Component: Keil::Device:StdPeriph Drivers:Framework:3.5.1
      Include file:  Device\StdPeriph_Driver\inc\misc.h
      Source file:   Device\StdPeriph_Driver\templates\stm32f10x_conf.h
      Source file:   Device\StdPeriph_Driver\src\misc.c
      Source file:   Device\StdPeriph_Driver\templates\stm32f10x_it.c
      Include file:  Device\StdPeriph_Driver\templates\stm32f10x_it.h

   * Component: Keil::Device:StdPeriph Drivers:Flash:3.5.0
      Source file:   Device\StdPeriph_Driver\src\stm32f10x_flash.c
      Include file:  Device\StdPeriph_Driver\inc\stm32f10x_flash.h

   * Component: Keil::Device:StdPeriph Drivers:EXTI:3.5.0
      Source file:   Device\StdPeriph_Driver\src\stm32f10x_exti.c
      Include file:  Device\StdPeriph_Driver\inc\stm32f10x_exti.h

   * Component: Keil::Device:StdPeriph Drivers:DMA:3.5.0
      Source file:   Device\StdPeriph_Driver\src\stm32f10x_dma.c
      Include file:  Device\StdPeriph_Driver\inc\stm32f10x_dma.h

   * Component: Keil::Device:Startup:1.0.0
      Source file:   Device\Source\system_stm32f10x.c
      Include file:  RTE_Driver\Config\RTE_Device.h
      Source file:   Device\Source\ARM\startup_stm32f10x_md.s
      Source file:   Device\Source\ARM\STM32F1xx_OPT.s

   * Component: ARM::CMSIS:CORE:5.0.1
Build Time Elapsed:  00:00:16
</pre>
</body>
</html>
