Component: ARM Compiler 5.06 update 5 (build 528) Tool: armlink [4d35e2]

==============================================================================

Section Cross References

    instance.o(.text) refers to deca_device.o(.text) for dwt_writetxfctrl
    instance.o(.text) refers to port.o(.text) for portGetTickCnt
    instance.o(.text) refers to instance_common.o(.text) for reportTOF
    instance.o(.text) refers to led.o(.text) for led_on
    instance.o(.text) refers to stm32f10x_gpio.o(.text) for GPIO_ResetBits
    instance.o(.text) refers to delay.o(.text) for Sleep
    instance.o(.text) refers to instance_common.o(.bss) for instance_data
    instance.o(.text) refers to dfltll_clz.o(x$fpl$dfltll) for __aeabi_l2d
    instance.o(.text) refers to dmul.o(x$fpl$dmul) for __aeabi_dmul
    instance.o(.text) refers to daddsub_clz.o(x$fpl$dsub) for __aeabi_dsub
    instance.o(.text) refers to daddsub_clz.o(x$fpl$dadd) for __aeabi_dadd
    instance.o(.text) refers to ddiv.o(x$fpl$ddiv) for __aeabi_ddiv
    instance.o(.text) refers to dfix.o(x$fpl$dfix) for __aeabi_d2iz
    instance.o(.text) refers to scalbnf.o(x$fpl$scalbnf) for __ARM_scalbnf
    instance.o(.text) refers to fdiv.o(x$fpl$fdiv) for __aeabi_fdiv
    instance.o(.text) refers to f2d.o(x$fpl$f2d) for __aeabi_f2d
    instance.o(.text) refers to ceil.o(i.ceil) for ceil
    instance.o(.text) refers to fflt_clz.o(x$fpl$fflt) for __aeabi_i2f
    instance.o(.text) refers to faddsub_clz.o(x$fpl$fadd) for __aeabi_fadd
    instance.o(.text) refers to fmul.o(x$fpl$fmul) for __aeabi_fmul
    instance.o(.text) refers to dflt_clz.o(x$fpl$dflt) for __aeabi_i2d
    instance.o(.text) refers to deca_params_init.o(.constdata) for dwnsSFDlen
    instance_calib.o(.text) refers to rt_memcpy_w.o(.text) for __aeabi_memcpy4
    instance_calib.o(.text) refers to port.o(.text) for SPI_ConfigFastRate
    instance_calib.o(.text) refers to deca_device.o(.text) for dwt_configcontinuousframemode
    instance_calib.o(.text) refers to instance_calib.o(.conststring) for .conststring
    instance_common.o(.text) refers to ddiv.o(x$fpl$ddiv) for __aeabi_ddiv
    instance_common.o(.text) refers to dfixull.o(x$fpl$llufromd) for __aeabi_d2ulz
    instance_common.o(.text) refers to dflt_clz.o(x$fpl$dflt) for __aeabi_i2d
    instance_common.o(.text) refers to dmul.o(x$fpl$dmul) for __aeabi_dmul
    instance_common.o(.text) refers to d2f.o(x$fpl$d2f) for __aeabi_d2f
    instance_common.o(.text) refers to deca_range_tables.o(.text) for dwt_getrangebias
    instance_common.o(.text) refers to daddsub_clz.o(x$fpl$drsb) for __aeabi_drsub
    instance_common.o(.text) refers to dleqf.o(x$fpl$dleqf) for __aeabi_cdcmple
    instance_common.o(.text) refers to drleqf.o(x$fpl$drleqf) for __aeabi_cdrcmple
    instance_common.o(.text) refers to deca_device.o(.text) for dwt_configeventcounters
    instance_common.o(.text) refers to rt_memcpy_w.o(.text) for __aeabi_memcpy4
    instance_common.o(.text) refers to port.o(.text) for portGetTickCnt
    instance_common.o(.text) refers to instance_common.o(.bss) for .bss
    instance_common.o(.text) refers to led.o(.text) for led_on
    instance_common.o(.text) refers to rt_memclr_w.o(.text) for __aeabi_memclr4
    instance_common.o(.text) refers to instance.o(.text) for instancesetreplydelay
    instance_common.o(.text) refers to dfix.o(x$fpl$dfix) for __aeabi_d2iz
    instance_common.o(.text) refers to instance_calib.o(.constdata) for txSpectrumConfig
    instance_common.o(.text) refers to instance_calib.o(.constdata) for rfDelays
    instance_common.o(.text) refers to instance_calib.o(.constdata) for rfDelaysTREK
    instance_common.o(.text) refers to stm32f10x_gpio.o(.text) for GPIO_ResetBits
    instance_common.o(.text) refers to delay.o(.text) for Sleep
    deca_device.o(.text) refers to deca_spi.o(.text) for writetospi_serial
    deca_device.o(.text) refers to delay.o(.text) for Sleep
    deca_device.o(.text) refers to deca_device.o(.bss) for .bss
    deca_device.o(.text) refers to deca_params_init.o(.constdata) for pll2calcfg
    deca_device.o(.text) refers to deca_params_init.o(.constdata) for chan_idx
    deca_device.o(.text) refers to deca_params_init.o(.constdata) for lde_replicaCoeff
    deca_device.o(.text) refers to deca_params_init.o(.constdata) for pll2_config
    deca_device.o(.text) refers to deca_params_init.o(.constdata) for rx_config
    deca_device.o(.text) refers to deca_params_init.o(.constdata) for tx_config
    deca_device.o(.text) refers to deca_params_init.o(.constdata) for sftsh
    deca_device.o(.text) refers to deca_params_init.o(.constdata) for dtune1
    deca_device.o(.text) refers to dflt_clz.o(x$fpl$dfltu) for __aeabi_ui2d
    deca_device.o(.text) refers to scalbn.o(x$fpl$scalbn) for __ARM_scalbn
    deca_device.o(.text) refers to deca_params_init.o(.constdata) for digital_bb_config
    deca_device.o(.text) refers to deca_params_init.o(.constdata) for agc_config
[...]
    dwt_setaddress16                         0x08002879   Thumb Code    10  deca_device.o(.text)
    dwt_seteui                               0x08002883   Thumb Code    12  deca_device.o(.text)
    dwt_geteui                               0x0800288f   Thumb Code    12  deca_device.o(.text)
    _dwt_otpsetmrregs                        0x0800289b   Thumb Code   552  deca_device.o(.text)
    _dwt_otpprogword32                       0x08002ac3   Thumb Code   162  deca_device.o(.text)
    dwt_otpwriteandverify                    0x08002b65   Thumb Code    90  deca_device.o(.text)
    _dwt_aonconfigupload                     0x08002bbf   Thumb Code    40  deca_device.o(.text)
    _dwt_aonarrayupload                      0x08002be7   Thumb Code    40  deca_device.o(.text)
    dwt_entersleep                           0x08002c0f   Thumb Code     2  deca_device.o(.text)
    dwt_configuresleepcnt                    0x08002c11   Thumb Code   124  deca_device.o(.text)
    dwt_calibratesleepcnt                    0x08002c8d   Thumb Code   252  deca_device.o(.text)
    dwt_configuresleep                       0x08002d89   Thumb Code    32  deca_device.o(.text)
    dwt_entersleepaftertx                    0x08002da9   Thumb Code    36  deca_device.o(.text)
    dwt_spicswakeup                          0x08002dcd   Thumb Code    50  deca_device.o(.text)
    dwt_loadopsettabfromotp                  0x08002dff   Thumb Code    52  deca_device.o(.text)
    dwt_setsmarttxpower                      0x08002e33   Thumb Code    44  deca_device.o(.text)
    dwt_enableautoack                        0x08002e5f   Thumb Code    36  deca_device.o(.text)
    dwt_setdblrxbuffmode                     0x08002e83   Thumb Code    38  deca_device.o(.text)
    dwt_setautorxreenable                    0x08002ea9   Thumb Code    58  deca_device.o(.text)
    dwt_setrxaftertxdelay                    0x08002ee3   Thumb Code    34  deca_device.o(.text)
    dwt_setcallbacks                         0x08002f05   Thumb Code     8  deca_device.o(.text)
    dwt_checkIRQ                             0x08002f0d   Thumb Code    24  deca_device.o(.text)
    dwt_rxreset                              0x08002f25   Thumb Code    40  deca_device.o(.text)
    dwt_syncrxbufptrs                        0x08002f4d   Thumb Code    52  deca_device.o(.text)
    dwt_forcetrxoff                          0x08002f81   Thumb Code    86  deca_device.o(.text)
    dwt_checkoverrun                         0x08002fd7   Thumb Code    16  deca_device.o(.text)
    dwt_isr                                  0x08002fe7   Thumb Code   646  deca_device.o(.text)
    dwt_setleds                              0x0800326d   Thumb Code   202  deca_device.o(.text)
    _dwt_disablesequencing                   0x08003337   Thumb Code    22  deca_device.o(.text)
    dwt_setdelayedtrxtime                    0x0800334d   Thumb Code    10  deca_device.o(.text)
    dwt_starttx                              0x08003357   Thumb Code   142  deca_device.o(.text)
    dwt_setsniffmode                         0x080033e5   Thumb Code    68  deca_device.o(.text)
    dwt_setrxmode                            0x08003429   Thumb Code    24  deca_device.o(.text)
    dwt_rxenable                             0x08003441   Thumb Code    76  deca_device.o(.text)
    dwt_setrxtimeout                         0x0800348d   Thumb Code    84  deca_device.o(.text)
    dwt_setpreambledetecttimeout             0x080034e1   Thumb Code    10  deca_device.o(.text)
    dwt_setinterrupt                         0x080034eb   Thumb Code    48  deca_device.o(.text)
    dwt_configeventcounters                  0x0800351b   Thumb Code    46  deca_device.o(.text)
    dwt_readeventcounters                    0x08003549   Thumb Code   126  deca_device.o(.text)
    dwt_softreset                            0x080035c7   Thumb Code   110  deca_device.o(.text)
    dwt_configcwmode                         0x08003635   Thumb Code   148  deca_device.o(.text)
    dwt_configcontinuousframemode            0x080036c9   Thumb Code    78  deca_device.o(.text)
    dwt_readtempvbat                         0x08003717   Thumb Code   200  deca_device.o(.text)
    dwt_readwakeuptemp                       0x080037df   Thumb Code    20  deca_device.o(.text)
    dwt_readwakeupvbat                       0x080037f3   Thumb Code    20  deca_device.o(.text)
    dwt_getrangebias                         0x08003809   Thumb Code   200  deca_range_tables.o(.text)
    decamutexon                              0x080038e1   Thumb Code    26  deca_mutex.o(.text)
    decamutexoff                             0x080038fb   Thumb Code    18  deca_mutex.o(.text)
    openspi                                  0x0800390d   Thumb Code     4  deca_spi.o(.text)
    closespi                                 0x08003911   Thumb Code    28  deca_spi.o(.text)
    writetospi_serial                        0x0800392d   Thumb Code    90  deca_spi.o(.text)
    readfromspi_serial                       0x08003987   Thumb Code    92  deca_spi.o(.text)
    Check_cmd                                0x080039ed   Thumb Code    46  device_info.o(.text)
    Get_UniqueID                             0x08003a1b   Thumb Code    28  device_info.o(.text)
    Flash_Configuration                      0x08003a37   Thumb Code   138  device_info.o(.text)
    RouterInfo_Write_to_Flash                0x08003ac1   Thumb Code     4  device_info.o(.text)
    My_STMFLASH_Write                        0x08003ac5   Thumb Code    12  device_info.o(.text)
    inittestapplication                      0x08003afd   Thumb Code   134  main.o(.text)
    main                                     0x08003b83   Thumb Code   568  main.o(.text)
    NMI_Handler                              0x08003e3d   Thumb Code     2  stm32f10x_it.o(.text)
    HardFault_Handler                        0x08003e3f   Thumb Code     2  stm32f10x_it.o(.text)
    MemManage_Handler                        0x08003e41   Thumb Code     2  stm32f10x_it.o(.text)
    BusFault_Handler                         0x08003e43   Thumb Code     2  stm32f10x_it.o(.text)
    UsageFault_Handler                       0x08003e45   Thumb Code     2  stm32f10x_it.o(.text)
    SVC_Handler                              0x08003e47   Thumb Code     2  stm32f10x_it.o(.text)
    DebugMon_Handler                         0x08003e49   Thumb Code     2  stm32f10x_it.o(.text)
    PendSV_Handler                           0x08003e4b   Thumb Code     2  stm32f10x_it.o(.text)
    SysTick_Handler                          0x08003e4d   Thumb Code    10  stm32f10x_it.o(.text)
    EXTI15_10_IRQHandler                     0x08003e57   Thumb Code    18  stm32f10x_it.o(.text)
    EXTI0_IRQHandler                         0x08003e69   Thumb Code    16  stm32f10x_it.o(.text)
    EXTI3_IRQHandler                         0x08003e79   Thumb Code    16  stm32f10x_it.o(.text)
    EXTI9_5_IRQHandler                       0x08003e89   Thumb Code    16  stm32f10x_it.o(.text)
    GPIO_Configuration                       0x08003e9d   Thumb Code    98  led.o(.text)
    led_off                                  0x08003eff   Thumb Code    48  led.o(.text)
    led_on                                   0x08003f2f   Thumb Code    48  led.o(.text)
    No_Configuration                         0x08003f6d   Thumb Code     6  port.o(.text)
    portGetTickCnt                           0x08003f73   Thumb Code     6  port.o(.text)
    SysTick_Configuration                    0x08003f79   Thumb Code    64  port.o(.text)
    NVIC_DisableDECAIRQ                      0x08003fb9   Thumb Code    32  port.o(.text)
    NVIC_Configuration                       0x08003fd9   Thumb Code    96  port.o(.text)
    EXTI_GetITEnStatus                       0x08004039   Thumb Code    16  port.o(.text)
    RCC_Configuration                        0x08004049   Thumb Code   136  port.o(.text)
    SPI_ChangeRate                           0x080040d1   Thumb Code    14  port.o(.text)
    SPI_ConfigFastRate                       0x080040df   Thumb Code    80  port.o(.text)
    SPI_Configuration                        0x0800412f   Thumb Code   166  port.o(.text)
    reset_DW1000                             0x080041d5   Thumb Code    68  port.o(.text)
    setup_DW1000RSTnIRQ                      0x08004219   Thumb Code   134  port.o(.text)
    is_IRQ_enabled                           0x0800429f   Thumb Code    14  port.o(.text)
    spi_set_rate_low                         0x080042ad   Thumb Code     4  port.o(.text)
    spi_set_rate_high                        0x080042b1   Thumb Code     4  port.o(.text)
    peripherals_init                         0x080042b5   Thumb Code    22  port.o(.text)
    STMFLASH_ReadHalfWord                    0x08004305   Thumb Code     4  stmflash.o(.text)
    STMFLASH_Write_NoCheck                   0x08004309   Thumb Code    40  stmflash.o(.text)
    STMFLASH_Read                            0x08004331   Thumb Code    26  stmflash.o(.text)
    STMFLASH_Write                           0x0800434b   Thumb Code   192  stmflash.o(.text)
    Test_Write                               0x0800440b   Thumb Code    12  stmflash.o(.text)
    Set_System                               0x0800441d   Thumb Code    90  hw_config.o(.text)
    Set_USBClock                             0x08004477   Thumb Code    20  hw_config.o(.text)
    Enter_LowPowerMode                       0x0800448b   Thumb Code     8  hw_config.o(.text)
    Leave_LowPowerMode                       0x08004493   Thumb Code    18  hw_config.o(.text)
    USB_Interrupts_Config                    0x080044a5   Thumb Code    50  hw_config.o(.text)
    USB_Cable_Config                         0x080044d7   Thumb Code    20  hw_config.o(.text)
    USB_Config                               0x080044eb   Thumb Code    22  hw_config.o(.text)
    USB_RxRead                               0x08004501   Thumb Code    12  hw_config.o(.text)
    USB_RxWrite                              0x0800450d   Thumb Code    12  hw_config.o(.text)
    USB_TxRead                               0x08004519   Thumb Code    12  hw_config.o(.text)
    USB_TxWrite                              0x08004525   Thumb Code    12  hw_config.o(.text)
    Get_SerialNum                            0x08004569   Thumb Code    42  hw_config.o(.text)
    EP1_IN_Callback                          0x080045b5   Thumb Code    60  usb_endp.o(.text)
    EP3_OUT_Callback                         0x080045f1   Thumb Code    32  usb_endp.o(.text)
    SOF_Callback                             0x08004611   Thumb Code    76  usb_endp.o(.text)
    USB_Istr                                 0x08004669   Thumb Code   310  usb_istr.o(.text)
    USB_LP_CAN1_RX0_IRQHandler               0x080047b9   Thumb Code     4  usb_it.o(.text)
    USBWakeUp_IRQHandler                     0x080047bd   Thumb Code     8  usb_it.o(.text)
    Virtual_Com_Port_init                    0x080047c5   Thumb Code    28  usb_prop.o(.text)
    Virtual_Com_Port_Reset                   0x080047e1   Thumb Code   208  usb_prop.o(.text)
    Virtual_Com_Port_SetConfiguration        0x080048b1   Thumb Code    16  usb_prop.o(.text)
    Virtual_Com_Port_SetDeviceAddress        0x080048c1   Thumb Code     8  usb_prop.o(.text)
    Virtual_Com_Port_Status_In               0x080048c9   Thumb Code    16  usb_prop.o(.text)
    Virtual_Com_Port_Status_Out              0x080048d9   Thumb Code     2  usb_prop.o(.text)
    Virtual_Com_Port_SetLineCoding           0x080048db   Thumb Code    20  usb_prop.o(.text)
    Virtual_Com_Port_GetLineCoding           0x080048ef   Thumb Code    20  usb_prop.o(.text)
    Virtual_Com_Port_Data_Setup              0x08004903   Thumb Code    74  usb_prop.o(.text)
    Virtual_Com_Port_NoData_Setup            0x0800494d   Thumb Code    30  usb_prop.o(.text)
    Virtual_Com_Port_GetDeviceDescriptor     0x0800496b   Thumb Code     8  usb_prop.o(.text)
    Virtual_Com_Port_GetConfigDescriptor     0x08004973   Thumb Code     8  usb_prop.o(.text)
    Virtual_Com_Port_GetStringDescriptor     0x0800497b   Thumb Code    26  usb_prop.o(.text)
    Virtual_Com_Port_Get_Interface_Setting   0x08004995   Thumb Code    14  usb_prop.o(.text)
    PowerOn                                  0x080049b9   Thumb Code    36  usb_pwr.o(.text)
    PowerOff                                 0x080049dd   Thumb Code    26  usb_pwr.o(.text)
    Suspend                                  0x080049f7   Thumb Code   174  usb_pwr.o(.text)
    Resume_Init                              0x08004aa5   Thumb Code    26  usb_pwr.o(.text)
    Resume                                   0x08004abf   Thumb Code   140  usb_pwr.o(.text)
    Standard_GetConfiguration                0x08004b69   Thumb Code    30  usb_core.o(.text)
    Standard_SetConfiguration                0x08004b87   Thumb Code    42  usb_core.o(.text)
    Standard_GetInterface                    0x08004bb1   Thumb Code    30  usb_core.o(.text)
    Standard_SetInterface                    0x08004bcf   Thumb Code    60  usb_core.o(.text)
    Standard_GetStatus                       0x08004c0b   Thumb Code   130  usb_core.o(.text)
    Standard_ClearFeature                    0x08004c8d   Thumb Code   232  usb_core.o(.text)
    Standard_SetEndPointFeature              0x08004d75   Thumb Code   118  usb_core.o(.text)
    Standard_SetDeviceFeature                0x08004deb   Thumb Code    26  usb_core.o(.text)
    Standard_GetDescriptorData               0x08004e05   Thumb Code    24  usb_core.o(.text)
    Post0_Process                            0x08005123   Thumb Code    52  usb_core.o(.text)
    Setup0_Process                           0x08005157   Thumb Code    90  usb_core.o(.text)
    SetDeviceAddress                         0x080051b1   Thumb Code    60  usb_core.o(.text)
    In0_Process                              0x080051ed   Thumb Code    78  usb_core.o(.text)
    Out0_Process                             0x0800523b   Thumb Code    60  usb_core.o(.text)
    NOP_Process                              0x08005277   Thumb Code     2  usb_core.o(.text)
    USB_Init                                 0x08005331   Thumb Code    22  usb_init.o(.text)
    CTR_LP                                   0x08005359   Thumb Code   318  usb_int.o(.text)
    CTR_HP                                   0x08005497   Thumb Code   106  usb_int.o(.text)
    UserToPMABufferCopy                      0x0800551d   Thumb Code    38  usb_mem.o(.text)
    PMAToUserBufferCopy                      0x08005543   Thumb Code    28  usb_mem.o(.text)
    SetCNTR                                  0x08005565   Thumb Code     6  usb_regs.o(.text)
    GetCNTR                                  0x0800556b   Thumb Code     8  usb_regs.o(.text)
    SetISTR                                  0x08005573   Thumb Code     8  usb_regs.o(.text)
    GetISTR                                  0x0800557b   Thumb Code    10  usb_regs.o(.text)
    GetFNR                                   0x08005585   Thumb Code    10  usb_regs.o(.text)
    SetDADDR                                 0x0800558f   Thumb Code     8  usb_regs.o(.text)
    GetDADDR                                 0x08005597   Thumb Code    10  usb_regs.o(.text)
    SetBTABLE                                0x080055a1   Thumb Code    12  usb_regs.o(.text)
    GetBTABLE                                0x080055ad   Thumb Code    10  usb_regs.o(.text)
    SetENDPOINT                              0x080055b7   Thumb Code    12  usb_regs.o(.text)
    GetENDPOINT                              0x080055c3   Thumb Code    14  usb_regs.o(.text)
    SetEPType                                0x080055d1   Thumb Code    24  usb_regs.o(.text)
    GetEPType                                0x080055e9   Thumb Code    18  usb_regs.o(.text)
    SetEPTxStatus                            0x080055fb   Thumb Code    44  usb_regs.o(.text)
    SetEPRxStatus                            0x08005627   Thumb Code    44  usb_regs.o(.text)
    SetDouBleBuffEPStall                     0x08005653   Thumb Code    42  usb_regs.o(.text)
    GetEPTxStatus                            0x0800567d   Thumb Code    18  usb_regs.o(.text)
    GetEPRxStatus                            0x0800568f   Thumb Code    18  usb_regs.o(.text)
    SetEPTxValid                             0x080056a1   Thumb Code    32  usb_regs.o(.text)
    SetEPRxValid                             0x080056c1   Thumb Code    32  usb_regs.o(.text)
    SetEP_KIND                               0x080056e1   Thumb Code    28  usb_regs.o(.text)
    ClearEP_KIND                             0x080056fd   Thumb Code    28  usb_regs.o(.text)
    Clear_Status_Out                         0x08005719   Thumb Code    28  usb_regs.o(.text)
    Set_Status_Out                           0x08005735   Thumb Code    28  usb_regs.o(.text)
    SetEPDoubleBuff                          0x08005751   Thumb Code    28  usb_regs.o(.text)
    ClearEPDoubleBuff                        0x0800576d   Thumb Code    28  usb_regs.o(.text)
    GetTxStallStatus                         0x08005789   Thumb Code    22  usb_regs.o(.text)
    GetRxStallStatus                         0x0800579f   Thumb Code    22  usb_regs.o(.text)
    ClearEP_CTR_RX                           0x080057b5   Thumb Code    22  usb_regs.o(.text)
    ClearEP_CTR_TX                           0x080057cb   Thumb Code    22  usb_regs.o(.text)
    ToggleDTOG_RX                            0x080057e1   Thumb Code    28  usb_regs.o(.text)
    ToggleDTOG_TX                            0x080057fd   Thumb Code    28  usb_regs.o(.text)
    ClearDTOG_RX                             0x08005819   Thumb Code    36  usb_regs.o(.text)
    ClearDTOG_TX                             0x0800583d   Thumb Code    36  usb_regs.o(.text)
    SetEPAddress                             0x08005861   Thumb Code    30  usb_regs.o(.text)
    GetEPAddress                             0x0800587f   Thumb Code    16  usb_regs.o(.text)
    SetEPTxAddr                              0x0800588f   Thumb Code    24  usb_regs.o(.text)
    SetEPRxAddr                              0x080058a7   Thumb Code    26  usb_regs.o(.text)
    GetEPTxAddr                              0x080058c1   Thumb Code    22  usb_regs.o(.text)
    GetEPRxAddr                              0x080058d7   Thumb Code    24  usb_regs.o(.text)
    SetEPTxCount                             0x080058ef   Thumb Code    22  usb_regs.o(.text)
    SetEPCountRxReg                          0x08005905   Thumb Code    38  usb_regs.o(.text)
    SetEPRxCount                             0x0800592b   Thumb Code    72  usb_regs.o(.text)
    GetEPTxCount                             0x08005973   Thumb Code    24  usb_regs.o(.text)
    GetEPRxCount                             0x0800598b   Thumb Code    24  usb_regs.o(.text)
    SetEPDblBuffAddr                         0x080059a3   Thumb Code    42  usb_regs.o(.text)
    SetEPDblBuf0Addr                         0x080059cd   Thumb Code    22  usb_regs.o(.text)
    SetEPDblBuf1Addr                         0x080059e3   Thumb Code    24  usb_regs.o(.text)
    GetEPDblBuf0Addr                         0x080059fb   Thumb Code    20  usb_regs.o(.text)
    GetEPDblBuf1Addr                         0x08005a0f   Thumb Code    22  usb_regs.o(.text)
    SetEPDblBuffCount                        0x08005a25   Thumb Code   156  usb_regs.o(.text)
    SetEPDblBuf0Count                        0x08005ac1   Thumb Code    82  usb_regs.o(.text)
    SetEPDblBuf1Count                        0x08005b13   Thumb Code    82  usb_regs.o(.text)
    GetEPDblBuf0Count                        0x08005b65   Thumb Code    24  usb_regs.o(.text)
    GetEPDblBuf1Count                        0x08005b7d   Thumb Code    24  usb_regs.o(.text)
    GetEPDblBufDir                           0x08005b95   Thumb Code    50  usb_regs.o(.text)
    FreeUserBuffer                           0x08005bc7   Thumb Code    48  usb_regs.o(.text)
    ToWord                                   0x08005bf7   Thumb Code     6  usb_regs.o(.text)
    ByteSwap                                 0x08005bfd   Thumb Code    10  usb_regs.o(.text)
    USB_SIL_Init                             0x08005c15   Thumb Code    24  usb_sil.o(.text)
    USB_SIL_Write                            0x08005c2d   Thumb Code    38  usb_sil.o(.text)
    USB_SIL_Read                             0x08005c53   Thumb Code    36  usb_sil.o(.text)
    delay_init                               0x08005c81   Thumb Code    46  delay.o(.text)
    delay_us                                 0x08005caf   Thumb Code    46  delay.o(.text)
    delay_ms                                 0x08005cdd   Thumb Code    46  delay.o(.text)
    Sleep                                    0x08005d0b   Thumb Code    22  delay.o(.text)
    _sys_exit                                0x08005d2d   Thumb Code     2  usart.o(.text)
    fputc                                    0x08005d2f   Thumb Code    18  usart.o(.text)
    uart_init                                0x08005d41   Thumb Code   156  usart.o(.text)
    USART1_Send_Hex                          0x08005ddd   Thumb Code    26  usart.o(.text)
    USART1_Send_PartialCommand               0x08005df7   Thumb Code    20  usart.o(.text)
    GetRecSwtich                             0x08005e0b   Thumb Code    94  usart.o(.text)
    USART1_IRQHandler                        0x08005e69   Thumb Code   146  usart.o(.text)
    MYDMA_Config                             0x08005f19   Thumb Code    74  dma.o(.text)
    MYDMA_Enable                             0x08005f63   Thumb Code    32  dma.o(.text)
    QUEUE_PacketCreate                       0x08005f91   Thumb Code    12  queue.o(.text)
    QUEUE_PacketIn                           0x08005f9d   Thumb Code    48  queue.o(.text)
    QUEUE_PacketOut                          0x08005fcd   Thumb Code    56  queue.o(.text)
    QUEUE_PacketLengthGet                    0x08006005   Thumb Code    40  queue.o(.text)
    QUEUE_PacketStartEndDifferentCharSplit   0x0800602d   Thumb Code   182  queue.o(.text)
    QUEUE_PacketStartEndCharSplit            0x080060e3   Thumb Code   198  queue.o(.text)
    QUEUE_PacketCharSplit                    0x080061a9   Thumb Code   116  queue.o(.text)
    QUEUE_PacketDoubleEndCharSplit           0x0800621d   Thumb Code   132  queue.o(.text)
    QUEUE_StructCreate                       0x080062a1   Thumb Code    20  queue.o(.text)
    QUEUE_StructIn                           0x080062b5   Thumb Code    68  queue.o(.text)
    QUEUE_StructOut                          0x080062f9   Thumb Code    76  queue.o(.text)
    QUEUE_StructCountGet                     0x08006345   Thumb Code    34  queue.o(.text)
    NVIC_PriorityGroupConfig                 0x08006369   Thumb Code    10  misc.o(.text)
    NVIC_Init                                0x08006373   Thumb Code    94  misc.o(.text)
    NVIC_SetVectorTable                      0x080063d1   Thumb Code    14  misc.o(.text)
    NVIC_SystemLPConfig                      0x080063df   Thumb Code    20  misc.o(.text)
    SysTick_CLKSourceConfig                  0x080063f3   Thumb Code    24  misc.o(.text)
    DMA_DeInit                               0x08006419   Thumb Code   218  stm32f10x_dma.o(.text)
    DMA_Init                                 0x080064f3   Thumb Code    58  stm32f10x_dma.o(.text)
    DMA_StructInit                           0x0800652d   Thumb Code    26  stm32f10x_dma.o(.text)
    DMA_Cmd                                  0x08006547   Thumb Code    22  stm32f10x_dma.o(.text)
    DMA_ITConfig                             0x0800655d   Thumb Code    16  stm32f10x_dma.o(.text)
    DMA_SetCurrDataCounter                   0x0800656d   Thumb Code     4  stm32f10x_dma.o(.text)
    DMA_GetCurrDataCounter                   0x08006571   Thumb Code     6  stm32f10x_dma.o(.text)
    DMA_GetFlagStatus                        0x08006577   Thumb Code    28  stm32f10x_dma.o(.text)
    DMA_ClearFlag                            0x08006593   Thumb Code    20  stm32f10x_dma.o(.text)
    DMA_GetITStatus                          0x080065a7   Thumb Code    28  stm32f10x_dma.o(.text)
    DMA_ClearITPendingBit                    0x080065c3   Thumb Code    20  stm32f10x_dma.o(.text)
    EXTI_DeInit                              0x080065e1   Thumb Code    28  stm32f10x_exti.o(.text)
    EXTI_Init                                0x080065fd   Thumb Code   108  stm32f10x_exti.o(.text)
    EXTI_StructInit                          0x08006669   Thumb Code    14  stm32f10x_exti.o(.text)
    EXTI_GenerateSWInterrupt                 0x08006677   Thumb Code    12  stm32f10x_exti.o(.text)
    EXTI_GetFlagStatus                       0x08006683   Thumb Code    18  stm32f10x_exti.o(.text)
    EXTI_ClearFlag                           0x08006695   Thumb Code     8  stm32f10x_exti.o(.text)
    EXTI_GetITStatus                         0x0800669d   Thumb Code    28  stm32f10x_exti.o(.text)
    EXTI_ClearITPendingBit                   0x080066b9   Thumb Code     8  stm32f10x_exti.o(.text)
    FLASH_SetLatency                         0x080066c9   Thumb Code    14  stm32f10x_flash.o(.text)
    FLASH_HalfCycleAccessCmd                 0x080066d7   Thumb Code    18  stm32f10x_flash.o(.text)
    FLASH_PrefetchBufferCmd                  0x080066e9   Thumb Code    18  stm32f10x_flash.o(.text)
    FLASH_Unlock                             0x080066fb   Thumb Code    12  stm32f10x_flash.o(.text)
    FLASH_UnlockBank1                        0x08006707   Thumb Code    12  stm32f10x_flash.o(.text)
    FLASH_Lock                               0x08006713   Thumb Code    12  stm32f10x_flash.o(.text)
    FLASH_LockBank1                          0x0800671f   Thumb Code    12  stm32f10x_flash.o(.text)
    FLASH_GetBank1Status                     0x0800672b   Thumb Code    34  stm32f10x_flash.o(.text)
    FLASH_WaitForLastOperation               0x0800674d   Thumb Code    36  stm32f10x_flash.o(.text)
    FLASH_ErasePage                          0x08006771   Thumb Code    56  stm32f10x_flash.o(.text)
    FLASH_EraseAllPages                      0x080067a9   Thumb Code    52  stm32f10x_flash.o(.text)
    FLASH_WaitForLastBank1Operation          0x080067dd   Thumb Code    36  stm32f10x_flash.o(.text)
    FLASH_EraseAllBank1Pages                 0x08006801   Thumb Code    52  stm32f10x_flash.o(.text)
    FLASH_GetReadOutProtectionStatus         0x08006835   Thumb Code    14  stm32f10x_flash.o(.text)
    FLASH_EraseOptionBytes                   0x08006843   Thumb Code   108  stm32f10x_flash.o(.text)
    FLASH_ProgramWord                        0x080068af   Thumb Code    72  stm32f10x_flash.o(.text)
    FLASH_ProgramHalfWord                    0x080068f7   Thumb Code    48  stm32f10x_flash.o(.text)
    FLASH_ProgramOptionByteData              0x08006927   Thumb Code    62  stm32f10x_flash.o(.text)
    FLASH_EnableWriteProtection              0x08006965   Thumb Code   150  stm32f10x_flash.o(.text)
    FLASH_ReadOutProtection                  0x080069fb   Thumb Code   118  stm32f10x_flash.o(.text)
    FLASH_UserOptionByteConfig               0x08006a71   Thumb Code    92  stm32f10x_flash.o(.text)
    FLASH_GetUserOptionByte                  0x08006acd   Thumb Code     8  stm32f10x_flash.o(.text)
    FLASH_GetWriteProtectionOptionByte       0x08006ad5   Thumb Code     6  stm32f10x_flash.o(.text)
    FLASH_GetPrefetchBufferStatus            0x08006adb   Thumb Code    14  stm32f10x_flash.o(.text)
    FLASH_ITConfig                           0x08006ae9   Thumb Code    18  stm32f10x_flash.o(.text)
    FLASH_GetFlagStatus                      0x08006afb   Thumb Code    28  stm32f10x_flash.o(.text)
    FLASH_ClearFlag                          0x08006b17   Thumb Code     6  stm32f10x_flash.o(.text)
    FLASH_GetStatus                          0x08006b1d   Thumb Code    34  stm32f10x_flash.o(.text)
    GPIO_DeInit                              0x08006b45   Thumb Code   152  stm32f10x_gpio.o(.text)
    GPIO_AFIODeInit                          0x08006bdd   Thumb Code    22  stm32f10x_gpio.o(.text)
    GPIO_Init                                0x08006bf3   Thumb Code   164  stm32f10x_gpio.o(.text)
    GPIO_StructInit                          0x08006c97   Thumb Code    16  stm32f10x_gpio.o(.text)
    GPIO_ReadInputDataBit                    0x08006ca7   Thumb Code    14  stm32f10x_gpio.o(.text)
    GPIO_ReadInputData                       0x08006cb5   Thumb Code     6  stm32f10x_gpio.o(.text)
    GPIO_ReadOutputDataBit                   0x08006cbb   Thumb Code    14  stm32f10x_gpio.o(.text)
    GPIO_ReadOutputData                      0x08006cc9   Thumb Code     6  stm32f10x_gpio.o(.text)
    GPIO_SetBits                             0x08006ccf   Thumb Code     4  stm32f10x_gpio.o(.text)
    GPIO_ResetBits                           0x08006cd3   Thumb Code     4  stm32f10x_gpio.o(.text)
    GPIO_WriteBit                            0x08006cd7   Thumb Code    10  stm32f10x_gpio.o(.text)
    GPIO_Write                               0x08006ce1   Thumb Code     4  stm32f10x_gpio.o(.text)
    GPIO_PinLockConfig                       0x08006ce5   Thumb Code    16  stm32f10x_gpio.o(.text)
    GPIO_EventOutputConfig                   0x08006cf5   Thumb Code    22  stm32f10x_gpio.o(.text)
    GPIO_EventOutputCmd                      0x08006d0b   Thumb Code     6  stm32f10x_gpio.o(.text)
    GPIO_PinRemapConfig                      0x08006d11   Thumb Code    82  stm32f10x_gpio.o(.text)
    GPIO_EXTILineConfig                      0x08006d63   Thumb Code    34  stm32f10x_gpio.o(.text)
    GPIO_ETH_MediaInterfaceConfig            0x08006d85   Thumb Code     8  stm32f10x_gpio.o(.text)
    RCC_DeInit                               0x08006db1   Thumb Code    50  stm32f10x_rcc.o(.text)
    RCC_HSEConfig                            0x08006de3   Thumb Code    48  stm32f10x_rcc.o(.text)
    RCC_GetFlagStatus                        0x08006e13   Thumb Code    42  stm32f10x_rcc.o(.text)
    RCC_WaitForHSEStartUp                    0x08006e3d   Thumb Code    44  stm32f10x_rcc.o(.text)
    RCC_AdjustHSICalibrationValue            0x08006e69   Thumb Code    16  stm32f10x_rcc.o(.text)
    RCC_HSICmd                               0x08006e79   Thumb Code     6  stm32f10x_rcc.o(.text)
    RCC_PLLConfig                            0x08006e7f   Thumb Code    16  stm32f10x_rcc.o(.text)
    RCC_PLLCmd                               0x08006e8f   Thumb Code     6  stm32f10x_rcc.o(.text)
    RCC_SYSCLKConfig                         0x08006e95   Thumb Code    14  stm32f10x_rcc.o(.text)
    RCC_GetSYSCLKSource                      0x08006ea3   Thumb Code    10  stm32f10x_rcc.o(.text)
    RCC_HCLKConfig                           0x08006ead   Thumb Code    14  stm32f10x_rcc.o(.text)
    RCC_PCLK1Config                          0x08006ebb   Thumb Code    14  stm32f10x_rcc.o(.text)
    RCC_PCLK2Config                          0x08006ec9   Thumb Code    16  stm32f10x_rcc.o(.text)
    RCC_ITConfig                             0x08006ed9   Thumb Code    18  stm32f10x_rcc.o(.text)
    RCC_USBCLKConfig                         0x08006eeb   Thumb Code     8  stm32f10x_rcc.o(.text)
    RCC_ADCCLKConfig                         0x08006ef3   Thumb Code    14  stm32f10x_rcc.o(.text)
    RCC_LSEConfig                            0x08006f01   Thumb Code    28  stm32f10x_rcc.o(.text)
    RCC_LSICmd                               0x08006f1d   Thumb Code     6  stm32f10x_rcc.o(.text)
    RCC_RTCCLKConfig                         0x08006f23   Thumb Code    10  stm32f10x_rcc.o(.text)
    RCC_RTCCLKCmd                            0x08006f2d   Thumb Code     8  stm32f10x_rcc.o(.text)
    RCC_GetClocksFreq                        0x08006f35   Thumb Code   128  stm32f10x_rcc.o(.text)
    RCC_AHBPeriphClockCmd                    0x08006fb5   Thumb Code    18  stm32f10x_rcc.o(.text)
    RCC_APB2PeriphClockCmd                   0x08006fc7   Thumb Code    18  stm32f10x_rcc.o(.text)
    RCC_APB1PeriphClockCmd                   0x08006fd9   Thumb Code    18  stm32f10x_rcc.o(.text)
    RCC_APB2PeriphResetCmd                   0x08006feb   Thumb Code    18  stm32f10x_rcc.o(.text)
    RCC_APB1PeriphResetCmd                   0x08006ffd   Thumb Code    18  stm32f10x_rcc.o(.text)
    RCC_BackupResetCmd                       0x0800700f   Thumb Code     8  stm32f10x_rcc.o(.text)
    RCC_ClockSecuritySystemCmd               0x08007017   Thumb Code     6  stm32f10x_rcc.o(.text)
    RCC_MCOConfig                            0x0800701d   Thumb Code     6  stm32f10x_rcc.o(.text)
    RCC_ClearFlag                            0x08007023   Thumb Code    12  stm32f10x_rcc.o(.text)
    RCC_GetITStatus                          0x0800702f   Thumb Code    16  stm32f10x_rcc.o(.text)
    RCC_ClearITPendingBit                    0x0800703f   Thumb Code     6  stm32f10x_rcc.o(.text)
    SPI_I2S_DeInit                           0x08007065   Thumb Code    72  stm32f10x_spi.o(.text)
    SPI_Init                                 0x080070ad   Thumb Code    56  stm32f10x_spi.o(.text)
    I2S_Init                                 0x080070e5   Thumb Code   152  stm32f10x_spi.o(.text)
    SPI_StructInit                           0x0800717d   Thumb Code    24  stm32f10x_spi.o(.text)
    I2S_StructInit                           0x08007195   Thumb Code    18  stm32f10x_spi.o(.text)
    SPI_Cmd                                  0x080071a7   Thumb Code    20  stm32f10x_spi.o(.text)
    I2S_Cmd                                  0x080071bb   Thumb Code    20  stm32f10x_spi.o(.text)
    SPI_I2S_ITConfig                         0x080071cf   Thumb Code    24  stm32f10x_spi.o(.text)
    SPI_I2S_DMACmd                           0x080071e7   Thumb Code    16  stm32f10x_spi.o(.text)
    SPI_I2S_SendData                         0x080071f7   Thumb Code     4  stm32f10x_spi.o(.text)
    SPI_I2S_ReceiveData                      0x080071fb   Thumb Code     4  stm32f10x_spi.o(.text)
    SPI_NSSInternalSoftwareConfig            0x080071ff   Thumb Code    24  stm32f10x_spi.o(.text)
    SPI_SSOutputCmd                          0x08007217   Thumb Code    20  stm32f10x_spi.o(.text)
    SPI_DataSizeConfig                       0x0800722b   Thumb Code    16  stm32f10x_spi.o(.text)
    SPI_TransmitCRC                          0x0800723b   Thumb Code    10  stm32f10x_spi.o(.text)
    SPI_CalculateCRC                         0x08007245   Thumb Code    20  stm32f10x_spi.o(.text)
    SPI_GetCRC                               0x08007259   Thumb Code    12  stm32f10x_spi.o(.text)
    SPI_GetCRCPolynomial                     0x08007265   Thumb Code     4  stm32f10x_spi.o(.text)
    SPI_BiDirectionalLineConfig              0x08007269   Thumb Code    22  stm32f10x_spi.o(.text)
    SPI_I2S_GetFlagStatus                    0x0800727f   Thumb Code    14  stm32f10x_spi.o(.text)
    SPI_I2S_ClearFlag                        0x0800728d   Thumb Code     6  stm32f10x_spi.o(.text)
    SPI_I2S_GetITStatus                      0x08007293   Thumb Code    42  stm32f10x_spi.o(.text)
    SPI_I2S_ClearITPendingBit                0x080072bd   Thumb Code    14  stm32f10x_spi.o(.text)
    USART_DeInit                             0x080072d9   Thumb Code    96  stm32f10x_usart.o(.text)
    USART_Init                               0x08007339   Thumb Code   166  stm32f10x_usart.o(.text)
    USART_StructInit                         0x080073df   Thumb Code    22  stm32f10x_usart.o(.text)
    USART_ClockInit                          0x080073f5   Thumb Code    30  stm32f10x_usart.o(.text)
    USART_ClockStructInit                    0x08007413   Thumb Code    12  stm32f10x_usart.o(.text)
    USART_Cmd                                0x0800741f   Thumb Code    20  stm32f10x_usart.o(.text)
    USART_ITConfig                           0x08007433   Thumb Code    48  stm32f10x_usart.o(.text)
    USART_DMACmd                             0x08007463   Thumb Code    16  stm32f10x_usart.o(.text)
    USART_SetAddress                         0x08007473   Thumb Code    16  stm32f10x_usart.o(.text)
    USART_WakeUpConfig                       0x08007483   Thumb Code    16  stm32f10x_usart.o(.text)
    USART_ReceiverWakeUpCmd                  0x08007493   Thumb Code    20  stm32f10x_usart.o(.text)
    USART_LINBreakDetectLengthConfig         0x080074a7   Thumb Code    16  stm32f10x_usart.o(.text)
    USART_LINCmd                             0x080074b7   Thumb Code    20  stm32f10x_usart.o(.text)
    USART_SendData                           0x080074cb   Thumb Code     8  stm32f10x_usart.o(.text)
    USART_ReceiveData                        0x080074d3   Thumb Code     8  stm32f10x_usart.o(.text)
    USART_SendBreak                          0x080074db   Thumb Code    10  stm32f10x_usart.o(.text)
    USART_SetGuardTime                       0x080074e5   Thumb Code    16  stm32f10x_usart.o(.text)
    USART_SetPrescaler                       0x080074f5   Thumb Code    16  stm32f10x_usart.o(.text)
    USART_SmartCardCmd                       0x08007505   Thumb Code    20  stm32f10x_usart.o(.text)
    USART_SmartCardNACKCmd                   0x08007519   Thumb Code    20  stm32f10x_usart.o(.text)
    USART_HalfDuplexCmd                      0x0800752d   Thumb Code    20  stm32f10x_usart.o(.text)
    USART_OverSampling8Cmd                   0x08007541   Thumb Code    20  stm32f10x_usart.o(.text)
    USART_OneBitMethodCmd                    0x08007555   Thumb Code    20  stm32f10x_usart.o(.text)
    USART_IrDAConfig                         0x08007569   Thumb Code    16  stm32f10x_usart.o(.text)
    USART_IrDACmd                            0x08007579   Thumb Code    20  stm32f10x_usart.o(.text)
    USART_GetFlagStatus                      0x0800758d   Thumb Code    14  stm32f10x_usart.o(.text)
    USART_ClearFlag                          0x0800759b   Thumb Code     6  stm32f10x_usart.o(.text)
    USART_GetITStatus                        0x080075a1   Thumb Code    62  stm32f10x_usart.o(.text)
    USART_ClearITPendingBit                  0x080075df   Thumb Code    12  stm32f10x_usart.o(.text)
    Reset_Handler                            0x08007601   Thumb Code     8  startup_stm32f10x_md.o(.text)
    ADC1_2_IRQHandler                        0x0800761b   Thumb Code     0  startup_stm32f10x_md.o(.text)
    CAN1_RX1_IRQHandler                      0x0800761b   Thumb Code     0  startup_stm32f10x_md.o(.text)
    CAN1_SCE_IRQHandler                      0x0800761b   Thumb Code     0  startup_stm32f10x_md.o(.text)
    DMA1_Channel1_IRQHandler                 0x0800761b   Thumb Code     0  startup_stm32f10x_md.o(.text)
    DMA1_Channel2_IRQHandler                 0x0800761b   Thumb Code     0  startup_stm32f10x_md.o(.text)
    DMA1_Channel3_IRQHandler                 0x0800761b   Thumb Code     0  startup_stm32f10x_md.o(.text)
    DMA1_Channel4_IRQHandler                 0x0800761b   Thumb Code     0  startup_stm32f10x_md.o(.text)
    DMA1_Channel5_IRQHandler                 0x0800761b   Thumb Code     0  startup_stm32f10x_md.o(.text)
    DMA1_Channel6_IRQHandler                 0x0800761b   Thumb Code     0  startup_stm32f10x_md.o(.text)
    DMA1_Channel7_IRQHandler                 0x0800761b   Thumb Code     0  startup_stm32f10x_md.o(.text)
    EXTI1_IRQHandler                         0x0800761b   Thumb Code     0  startup_stm32f10x_md.o(.text)
    EXTI2_IRQHandler                         0x0800761b   Thumb Code     0  startup_stm32f10x_md.o(.text)
    EXTI4_IRQHandler                         0x0800761b   Thumb Code     0  startup_stm32f10x_md.o(.text)
    FLASH_IRQHandler                         0x0800761b   Thumb Code     0  startup_stm32f10x_md.o(.text)
    I2C1_ER_IRQHandler                       0x0800761b   Thumb Code     0  startup_stm32f10x_md.o(.text)
    I2C1_EV_IRQHandler                       0x0800761b   Thumb Code     0  startup_stm32f10x_md.o(.text)
    I2C2_ER_IRQHandler                       0x0800761b   Thumb Code     0  startup_stm32f10x_md.o(.text)
    I2C2_EV_IRQHandler                       0x0800761b   Thumb Code     0  startup_stm32f10x_md.o(.text)
    PVD_IRQHandler                           0x0800761b   Thumb Code     0  startup_stm32f10x_md.o(.text)
    RCC_IRQHandler                           0x0800761b   Thumb Code     0  startup_stm32f10x_md.o(.text)
    RTCAlarm_IRQHandler                      0x0800761b   Thumb Code     0  startup_stm32f10x_md.o(.text)
    RTC_IRQHandler                           0x0800761b   Thumb Code     0  startup_stm32f10x_md.o(.text)
    SPI1_IRQHandler                          0x0800761b   Thumb Code     0  startup_stm32f10x_md.o(.text)
    SPI2_IRQHandler                          0x0800761b   Thumb Code     0  startup_stm32f10x_md.o(.text)
    TAMPER_IRQHandler                        0x0800761b   Thumb Code     0  startup_stm32f10x_md.o(.text)
    TIM1_BRK_IRQHandler                      0x0800761b   Thumb Code     0  startup_stm32f10x_md.o(.text)
    TIM1_CC_IRQHandler                       0x0800761b   Thumb Code     0  startup_stm32f10x_md.o(.text)
    TIM1_TRG_COM_IRQHandler                  0x0800761b   Thumb Code     0  startup_stm32f10x_md.o(.text)
    TIM1_UP_IRQHandler                       0x0800761b   Thumb Code     0  startup_stm32f10x_md.o(.text)
    TIM2_IRQHandler                          0x0800761b   Thumb Code     0  startup_stm32f10x_md.o(.text)
    TIM3_IRQHandler                          0x0800761b   Thumb Code     0  startup_stm32f10x_md.o(.text)
    TIM4_IRQHandler                          0x0800761b   Thumb Code     0  startup_stm32f10x_md.o(.text)
    USART2_IRQHandler                        0x0800761b   Thumb Code     0  startup_stm32f10x_md.o(.text)
    USART3_IRQHandler                        0x0800761b   Thumb Code     0  startup_stm32f10x_md.o(.text)
    USB_HP_CAN1_TX_IRQHandler                0x0800761b   Thumb Code     0  startup_stm32f10x_md.o(.text)
    WWDG_IRQHandler                          0x0800761b   Thumb Code     0  startup_stm32f10x_md.o(.text)
    __user_initial_stackheap                 0x0800761d   Thumb Code     0  startup_stm32f10x_md.o(.text)
    SystemInit                               0x080076e1   Thumb Code    64  system_stm32f10x.o(.text)
    SystemCoreClockUpdate                    0x08007721   Thumb Code    84  system_stm32f10x.o(.text)
    __use_no_semihosting                     0x08007795   Thumb Code     2  use_no_semi_2.o(.text)
    __2printf                                0x08007799   Thumb Code    20  __2printf.o(.text)
    __2sprintf                               0x080077b1   Thumb Code    38  __2sprintf.o(.text)
    _printf_pre_padding                      0x080077dd   Thumb Code    44  _printf_pad.o(.text)
    _printf_post_padding                     0x08007809   Thumb Code    34  _printf_pad.o(.text)
    _printf_str                              0x0800782b   Thumb Code    82  _printf_str.o(.text)
    _printf_int_dec                          0x0800787d   Thumb Code   104  _printf_dec.o(.text)
    _printf_int_hex                          0x080078f5   Thumb Code    84  _printf_hex_int.o(.text)
    _printf_longlong_hex                     0x080078f5   Thumb Code     0  _printf_hex_int.o(.text)
    __printf                                 0x0800794d   Thumb Code   388  __printf_flags_ss_wp.o(.text)
    __aeabi_memcpy                           0x08007ad5   Thumb Code     0  rt_memcpy_v6.o(.text)
    __rt_memcpy                              0x08007ad5   Thumb Code   138  rt_memcpy_v6.o(.text)
    _memcpy_lastbytes                        0x08007b3b   Thumb Code     0  rt_memcpy_v6.o(.text)
    __aeabi_memcpy4                          0x08007b5f   Thumb Code     0  rt_memcpy_w.o(.text)
    __aeabi_memcpy8                          0x08007b5f   Thumb Code     0  rt_memcpy_w.o(.text)
    __rt_memcpy_w                            0x08007b5f   Thumb Code   100  rt_memcpy_w.o(.text)
    _memcpy_lastbytes_aligned                0x08007ba7   Thumb Code     0  rt_memcpy_w.o(.text)
    __aeabi_memclr4                          0x08007bc3   Thumb Code     0  rt_memclr_w.o(.text)
    __aeabi_memclr8                          0x08007bc3   Thumb Code     0  rt_memclr_w.o(.text)
    __rt_memclr_w                            0x08007bc3   Thumb Code    78  rt_memclr_w.o(.text)
    _memset_w                                0x08007bc7   Thumb Code     0  rt_memclr_w.o(.text)
    __use_two_region_memory                  0x08007c11   Thumb Code     2  heapauxi.o(.text)
    __rt_heap_escrow$2region                 0x08007c13   Thumb Code     2  heapauxi.o(.text)
    __rt_heap_expand$2region                 0x08007c15   Thumb Code     2  heapauxi.o(.text)
    __I$use$semihosting                      0x08007c17   Thumb Code     0  use_no_semi.o(.text)
    __use_no_semihosting_swi                 0x08007c17   Thumb Code     2  use_no_semi.o(.text)
    _printf_int_common                       0x08007c19   Thumb Code   178  _printf_intcommon.o(.text)
    _printf_char_common                      0x08007cd7   Thumb Code    32  _printf_char_common.o(.text)
    _sputc                                   0x08007cfd   Thumb Code    10  _sputc.o(.text)
    _printf_cs_common                        0x08007d07   Thumb Code    20  _printf_char.o(.text)
    _printf_char                             0x08007d1b   Thumb Code    16  _printf_char.o(.text)
    _printf_string                           0x08007d2b   Thumb Code     8  _printf_char.o(.text)
    _printf_char_file                        0x08007d35   Thumb Code    32  _printf_char_file.o(.text)
    ferror                                   0x08007d59   Thumb Code     8  ferror.o(.text)
    __user_setup_stackheap                   0x08007d61   Thumb Code    74  sys_stackheap_outer.o(.text)
    exit                                     0x08007dab   Thumb Code    18  exit.o(.text)
    __user_libspace                          0x08007dbd   Thumb Code     8  libspace.o(.text)
    __user_perproc_libspace                  0x08007dbd   Thumb Code     0  libspace.o(.text)
    __user_perthread_libspace                0x08007dbd   Thumb Code     0  libspace.o(.text)
    _is_digit                                0x08007dc5   Thumb Code    14  __printf_wp.o(i._is_digit)
    ceil                                     0x08007dd5   Thumb Code   204  ceil.o(i.ceil)
    __aeabi_d2f                              0x08007eb1   Thumb Code     0  d2f.o(x$fpl$d2f)
    _d2f                                     0x08007eb1   Thumb Code    98  d2f.o(x$fpl$d2f)
    __aeabi_dadd                             0x08007f15   Thumb Code     0  daddsub_clz.o(x$fpl$dadd)
    _dadd                                    0x08007f15   Thumb Code   332  daddsub_clz.o(x$fpl$dadd)
    __fpl_dcheck_NaN1                        0x08008065   Thumb Code    10  dcheck1.o(x$fpl$dcheck1)
    __fpl_dcmp_Inf                           0x08008075   Thumb Code    24  dcmpi.o(x$fpl$dcmpinf)
    __aeabi_ddiv                             0x0800808d   Thumb Code     0  ddiv.o(x$fpl$ddiv)
    _ddiv                                    0x0800808d   Thumb Code   552  ddiv.o(x$fpl$ddiv)
    __aeabi_d2iz                             0x0800833d   Thumb Code     0  dfix.o(x$fpl$dfix)
    _dfix                                    0x0800833d   Thumb Code    94  dfix.o(x$fpl$dfix)
    __aeabi_i2d                              0x0800839b   Thumb Code     0  dflt_clz.o(x$fpl$dflt)
    _dflt                                    0x0800839b   Thumb Code    46  dflt_clz.o(x$fpl$dflt)
    __aeabi_l2d                              0x080083c9   Thumb Code     0  dfltll_clz.o(x$fpl$dfltll)
    _ll_sto_d                                0x080083c9   Thumb Code   162  dfltll_clz.o(x$fpl$dfltll)
    __aeabi_ui2d                             0x0800846b   Thumb Code     0  dflt_clz.o(x$fpl$dfltu)
    _dfltu                                   0x0800846b   Thumb Code    38  dflt_clz.o(x$fpl$dfltu)
    __aeabi_cdcmple                          0x08008491   Thumb Code     0  dleqf.o(x$fpl$dleqf)
    _dcmple                                  0x08008491   Thumb Code   120  dleqf.o(x$fpl$dleqf)
    __fpl_dcmple_InfNaN                      0x080084f3   Thumb Code     0  dleqf.o(x$fpl$dleqf)
    __aeabi_dmul                             0x08008509   Thumb Code     0  dmul.o(x$fpl$dmul)
    _dmul                                    0x08008509   Thumb Code   332  dmul.o(x$fpl$dmul)
    __fpl_dnaninf                            0x0800865d   Thumb Code   156  dnaninf.o(x$fpl$dnaninf)
    __fpl_dretinf                            0x080086f9   Thumb Code    12  dretinf.o(x$fpl$dretinf)
    __aeabi_cdrcmple                         0x08008705   Thumb Code     0  drleqf.o(x$fpl$drleqf)
    _drcmple                                 0x08008705   Thumb Code   108  drleqf.o(x$fpl$drleqf)
    __aeabi_drsub                            0x08008771   Thumb Code     0  daddsub_clz.o(x$fpl$drsb)
    _drsb                                    0x08008771   Thumb Code    22  daddsub_clz.o(x$fpl$drsb)
    __aeabi_dsub                             0x08008789   Thumb Code     0  daddsub_clz.o(x$fpl$dsub)
    _dsub                                    0x08008789   Thumb Code   464  daddsub_clz.o(x$fpl$dsub)
    __aeabi_f2d                              0x0800895d   Thumb Code     0  f2d.o(x$fpl$f2d)
    _f2d                                     0x0800895d   Thumb Code    86  f2d.o(x$fpl$f2d)
    __aeabi_fadd                             0x080089b5   Thumb Code     0  faddsub_clz.o(x$fpl$fadd)
    _fadd                                    0x080089b5   Thumb Code   196  faddsub_clz.o(x$fpl$fadd)
    __fpl_fcheck_NaN1                        0x08008a79   Thumb Code     6  fcheck1.o(x$fpl$fcheck1)
    __aeabi_fdiv                             0x08008a85   Thumb Code     0  fdiv.o(x$fpl$fdiv)
    _fdiv                                    0x08008a85   Thumb Code   384  fdiv.o(x$fpl$fdiv)
    __aeabi_i2f                              0x08008c09   Thumb Code     0  fflt_clz.o(x$fpl$fflt)
    _fflt                                    0x08008c09   Thumb Code    48  fflt_clz.o(x$fpl$fflt)
    __aeabi_fmul                             0x08008c39   Thumb Code     0  fmul.o(x$fpl$fmul)
    _fmul                                    0x08008c39   Thumb Code   258  fmul.o(x$fpl$fmul)
    __fpl_fnaninf                            0x08008d3b   Thumb Code   140  fnaninf.o(x$fpl$fnaninf)
    __fpl_fretinf                            0x08008dc7   Thumb Code    10  fretinf.o(x$fpl$fretinf)
    __aeabi_fsub                             0x08008dd1   Thumb Code     0  faddsub_clz.o(x$fpl$fsub)
    _fsub                                    0x08008dd1   Thumb Code   234  faddsub_clz.o(x$fpl$fsub)
    __aeabi_d2ulz                            0x08008ebd   Thumb Code     0  dfixull.o(x$fpl$llufromd)
    _ll_ufrom_d                              0x08008ebd   Thumb Code   120  dfixull.o(x$fpl$llufromd)
    __fpl_return_NaN                         0x08008f35   Thumb Code   100  retnan.o(x$fpl$retnan)
    __ARM_scalbn                             0x08008f99   Thumb Code    92  scalbn.o(x$fpl$scalbn)
    __ARM_scalbnf                            0x08008ff5   Thumb Code    76  scalbnf.o(x$fpl$scalbnf)
    __fpl_cmpreturn                          0x08009041   Thumb Code    48  trapv.o(x$fpl$trapveneer)
    __I$use$fp                               0x08009070   Number         0  usenofp.o(x$fpl$usenofp)
    txSpectrumConfig                         0x08009070   Data          96  instance_calib.o(.constdata)
    rfDelays                                 0x080090d0   Data           4  instance_calib.o(.constdata)
    rfDelaysTREK                             0x080090d4   Data           4  instance_calib.o(.constdata)
    chan_idx                                 0x080090d8   Data           8  deca_params_init.o(.constdata)
    tx_config                                0x080090e0   Data          24  deca_params_init.o(.constdata)
    pll2_config                              0x080090f8   Data          30  deca_params_init.o(.constdata)
    pll2calcfg                               0x08009116   Data           1  deca_params_init.o(.constdata)
    rx_config                                0x08009117   Data           2  deca_params_init.o(.constdata)
    agc_config                               0x0800911c   Data           8  deca_params_init.o(.constdata)
    dwnsSFDlen                               0x08009124   Data           3  deca_params_init.o(.constdata)
    sftsh                                    0x08009128   Data          12  deca_params_init.o(.constdata)
    dtune1                                   0x08009134   Data           4  deca_params_init.o(.constdata)
    digital_bb_config                        0x08009138   Data          32  deca_params_init.o(.constdata)
    lde_replicaCoeff                         0x08009158   Data          50  deca_params_init.o(.constdata)
    chan_idxnb                               0x0800918a   Data           8  deca_range_tables.o(.constdata)
    chan_idxwb                               0x08009192   Data           8  deca_range_tables.o(.constdata)
    range25cm16PRFnb                         0x0800919a   Data         148  deca_range_tables.o(.constdata)
    range25cm16PRFwb                         0x0800922e   Data         136  deca_range_tables.o(.constdata)
    range25cm64PRFnb                         0x080092b6   Data         104  deca_range_tables.o(.constdata)
    range25cm64PRFwb                         0x0800931e   Data         118  deca_range_tables.o(.constdata)
    Virtual_Com_Port_DeviceDescriptor        0x08009394   Data          18  usb_desc.o(.constdata)
    Virtual_Com_Port_ConfigDescriptor        0x080093a6   Data          67  usb_desc.o(.constdata)
    Virtual_Com_Port_StringLangID            0x080093e9   Data           4  usb_desc.o(.constdata)
    Virtual_Com_Port_StringVendor            0x080093ed   Data          24  usb_desc.o(.constdata)
    Virtual_Com_Port_StringProduct           0x08009405   Data          38  usb_desc.o(.constdata)
    Region$$Table$$Base                      0x080094b0   Number         0  anon$$obj.o(Region$$Table)
    Region$$Table$$Limit                     0x080094d0   Number         0  anon$$obj.o(Region$$Table)
    status_idx                               0x20000000   Data           4  deca_device.o(.data)
    s1switch                                 0x20000008   Data           1  main.o(.data)
    time32_incr                              0x20000060   Data           4  stm32f10x_it.o(.data)
    EXTI_InitStructure                       0x20000064   Data           8  hw_config.o(.data)
    Virtual_Com_Port_StringSerial            0x2000006c   Data          38  usb_desc.o(.data)
    bIntPackSOF                              0x2000009c   Data           1  usb_istr.o(.data)
    wIstr                                    0x2000009e   Data           2  usb_istr.o(.data)
    esof_counter                             0x200000a0   Data           4  usb_istr.o(.data)
    wCNTR                                    0x200000a4   Data           4  usb_istr.o(.data)
    pEpInt_IN                                0x200000a8   Data          28  usb_istr.o(.data)
    pEpInt_OUT                               0x200000c4   Data          28  usb_istr.o(.data)
    Request                                  0x200000e0   Data           1  usb_prop.o(.data)
    linecoding                               0x200000e4   Data           8  usb_prop.o(.data)
    Device_Descriptor                        0x200000ec   Data           8  usb_prop.o(.data)
    Config_Descriptor                        0x200000f4   Data           8  usb_prop.o(.data)
    Device_Property                          0x200000fc   Data          48  usb_prop.o(.data)
    String_Descriptor                        0x2000012c   Data          32  usb_prop.o(.data)
    Device_Table                             0x2000014c   Data           2  usb_prop.o(.data)
    User_Standard_Requests                   0x20000150   Data          36  usb_prop.o(.data)
    bDeviceState                             0x20000174   Data           4  usb_pwr.o(.data)
    fSuspendEnabled                          0x20000178   Data           1  usb_pwr.o(.data)
    ResumeS                                  0x2000017c   Data           2  usb_pwr.o(.data)
    remotewakeupon                           0x20000180   Data           4  usb_pwr.o(.data)
    Data_Mul_MaxPacketSize                   0x20000184   Data           1  usb_core.o(.data)
    StatusInfo                               0x20000186   Data           2  usb_core.o(.data)
    EPindex                                  0x20000188   Data           1  usb_init.o(.data)
    pInformation                             0x2000018c   Data           4  usb_init.o(.data)
    pProperty                                0x20000190   Data           4  usb_init.o(.data)
    pUser_Standard_Requests                  0x20000194   Data           4  usb_init.o(.data)
    wInterrupt_Mask                          0x20000198   Data           2  usb_init.o(.data)
    SaveRState                               0x2000019a   Data           2  usb_int.o(.data)
    SaveTState                               0x2000019c   Data           2  usb_int.o(.data)
    len                                      0x200001a2   Data           1  usart.o(.data)
    USART_RX_STA                             0x200001a4   Data           2  usart.o(.data)
    __stdout                                 0x200001a8   Data           4  usart.o(.data)
    DMA1_MEM_LEN                             0x200001ac   Data           2  dma.o(.data)
    SystemCoreClock                          0x200001c4   Data           4  system_stm32f10x.o(.data)
    AHBPrescTable                            0x200001c8   Data          16  system_stm32f10x.o(.data)
    inst_tdist                               0x200001d8   Data          64  instance_common.o(.bss)
    inst_idist                               0x20000218   Data          32  instance_common.o(.bss)
    inst_idistraw                            0x20000238   Data          32  instance_common.o(.bss)
    instance_data                            0x20000258   Data        1792  instance_common.o(.bss)
    dw_event_g                               0x20000958   Data         160  instance_common.o(.bss)
    last_status                              0x20000a8c   Data          40  deca_device.o(.bss)
    buff_sn                                  0x20000ab4   Data          41  device_info.o(.bss)
    sys_para                                 0x20000ade   Data          22  device_info.o(.bss)
    FLAH_BUFF0                               0x20000af4   Data          32  device_info.o(.bss)
    SendBuff                                 0x20000b14   Data         130  main.o(.bss)
    DMA_USART_Buff                           0x20000b96   Data         130  main.o(.bss)
    STMFLASH_BUF                             0x20000c98   Data        1024  stmflash.o(.bss)
    EP                                       0x20001b38   Data          32  usb_pwr.o(.bss)
    Device_Info                              0x20001b58   Data          28  usb_init.o(.bss)
    USART_RX_BUF                             0x20001b74   Data         200  usart.o(.bss)
    DMA_InitStructure                        0x20001c3c   Data          44  dma.o(.bss)
    __libspace_start                         0x20001c68   Data          96  libspace.o(.bss)
    __temporary_stack_top$libspace           0x20001cc8   Data           0  libspace.o(.bss)



==============================================================================

Memory Map of the image

  Image Entry point : 0x080000ed

  Load Region LR_IROM1 (Base: 0x08000000, Size: 0x000096a8, Max: 0x00010000, ABSOLUTE, COMPRESSED[0x00009594])

    Execution Region ER_IROM1 (Exec base: 0x08000000, Load base: 0x08000000, Size: 0x000094d0, Max: 0x00010000, ABSOLUTE)

    Exec Addr    Load Addr    Size         Type   Attr      Idx    E Section Name        Object

    0x08000000   0x08000000   0x000000ec   Data   RO          949    RESET               startup_stm32f10x_md.o
    0x080000ec   0x080000ec   0x00000008   Code   RO         1045  * !!!main             c_w.l(__main.o)
    0x080000f4   0x080000f4   0x00000034   Code   RO         1302    !!!scatter          c_w.l(__scatter.o)
    0x08000128   0x08000128   0x0000005a   Code   RO         1300    !!dczerorl2         c_w.l(__dczerorl2.o)
    0x08000182   0x08000182   0x00000002   PAD
    0x08000184   0x08000184   0x0000001c   Code   RO         1304    !!handler_zi        c_w.l(__scatter_zi.o)
    0x080001a0   0x080001a0   0x00000000   Code   RO         1036    .ARM.Collect$$_printf_percent$$00000000  c_w.l(_printf_percent.o)
    0x080001a0   0x080001a0   0x00000006   Code   RO         1035    .ARM.Collect$$_printf_percent$$00000009  c_w.l(_printf_d.o)
    0x080001a6   0x080001a6   0x00000006   Code   RO         1034    .ARM.Collect$$_printf_percent$$0000000C  c_w.l(_printf_x.o)
    0x080001ac   0x080001ac   0x00000006   Code   RO         1033    .ARM.Collect$$_printf_percent$$00000014  c_w.l(_printf_s.o)
    0x080001b2   0x080001b2   0x00000004   Code   RO         1124    .ARM.Collect$$_printf_percent$$00000017  c_w.l(_printf_percent_end.o)
    0x080001b6   0x080001b6   0x00000002   Code   RO         1172    .ARM.Collect$$libinit$$00000000  c_w.l(libinit.o)
    0x080001b8   0x080001b8   0x00000000   Code   RO         1181    .ARM.Collect$$libinit$$00000002  c_w.l(libinit2.o)
    0x080001b8   0x080001b8   0x00000000   Code   RO         1183    .ARM.Collect$$libinit$$00000004  c_w.l(libinit2.o)
    0x080001b8   0x080001b8   0x00000000   Code   RO         1186    .ARM.Collect$$libinit$$0000000A  c_w.l(libinit2.o)
    0x080001b8   0x080001b8   0x00000000   Code   RO         1188    .ARM.Collect$$libinit$$0000000C  c_w.l(libinit2.o)
    0x080001b8   0x080001b8   0x00000000   Code   RO         1190    .ARM.Collect$$libinit$$0000000E  c_w.l(libinit2.o)
    0x080001b8   0x080001b8   0x00000000   Code   RO         1193    .ARM.Collect$$libinit$$00000011  c_w.l(libinit2.o)
    0x080001b8   0x080001b8   0x00000000   Code   RO         1195    .ARM.Collect$$libinit$$00000013  c_w.l(libinit2.o)
    0x080001b8   0x080001b8   0x00000000   Code   RO         1197    .ARM.Collect$$libinit$$00000015  c_w.l(libinit2.o)
    0x080001b8   0x080001b8   0x00000000   Code   RO         1199    .ARM.Collect$$libinit$$00000017  c_w.l(libinit2.o)
    0x080001b8   0x080001b8   0x00000000   Code   RO         1201    .ARM.Collect$$libinit$$00000019  c_w.l(libinit2.o)
    0x080001b8   0x080001b8   0x00000000   Code   RO         1203    .ARM.Collect$$libinit$$0000001B  c_w.l(libinit2.o)
    0x080001b8   0x080001b8   0x00000000   Code   RO         1205    .ARM.Collect$$libinit$$0000001D  c_w.l(libinit2.o)
    0x080001b8   0x080001b8   0x00000000   Code   RO         1207    .ARM.Collect$$libinit$$0000001F  c_w.l(libinit2.o)
    0x080001b8   0x080001b8   0x00000000   Code   RO         1209    .ARM.Collect$$libinit$$00000021  c_w.l(libinit2.o)
    0x080001b8   0x080001b8   0x00000000   Code   RO         1211    .ARM.Collect$$libinit$$00000023  c_w.l(libinit2.o)
    0x080001b8   0x080001b8   0x00000000   Code   RO         1213    .ARM.Collect$$libinit$$00000025  c_w.l(libinit2.o)
    0x080001b8   0x080001b8   0x00000000   Code   RO         1217    .ARM.Collect$$libinit$$0000002C  c_w.l(libinit2.o)
    0x080001b8   0x080001b8   0x00000000   Code   RO         1219    .ARM.Collect$$libinit$$0000002E  c_w.l(libinit2.o)
    0x080001b8   0x080001b8   0x00000000   Code   RO         1221    .ARM.Collect$$libinit$$00000030  c_w.l(libinit2.o)
    0x080001b8   0x080001b8   0x00000000   Code   RO         1223    .ARM.Collect$$libinit$$00000032  c_w.l(libinit2.o)
    0x080001b8   0x080001b8   0x00000002   Code   RO         1224    .ARM.Collect$$libinit$$00000033  c_w.l(libinit2.o)
    0x080001ba   0x080001ba   0x00000002   Code   RO         1242    .ARM.Collect$$libshutdown$$00000000  c_w.l(libshutdown.o)
    0x080001bc   0x080001bc   0x00000000   Code   RO         1252    .ARM.Collect$$libshutdown$$00000002  c_w.l(libshutdown2.o)
    0x080001bc   0x080001bc   0x00000000   Code   RO         1254    .ARM.Collect$$libshutdown$$00000004  c_w.l(libshutdown2.o)
    0x080001bc   0x080001bc   0x00000000   Code   RO         1257    .ARM.Collect$$libshutdown$$00000007  c_w.l(libshutdown2.o)
    0x080001bc   0x080001bc   0x00000000   Code   RO         1260    .ARM.Collect$$libshutdown$$0000000A  c_w.l(libshutdown2.o)
    0x080001bc   0x080001bc   0x00000000   Code   RO         1262    .ARM.Collect$$libshutdown$$0000000C  c_w.l(libshutdown2.o)
    0x080001bc   0x080001bc   0x00000000   Code   RO         1265    .ARM.Collect$$libshutdown$$0000000F  c_w.l(libshutdown2.o)
    0x080001bc   0x080001bc   0x00000002   Code   RO         1266    .ARM.Collect$$libshutdown$$00000010  c_w.l(libshutdown2.o)
    0x080001be   0x080001be   0x00000000   Code   RO         1113    .ARM.Collect$$rtentry$$00000000  c_w.l(__rtentry.o)
    0x080001be   0x080001be   0x00000000   Code   RO         1141    .ARM.Collect$$rtentry$$00000002  c_w.l(__rtentry2.o)
    0x080001be   0x080001be   0x00000006   Code   RO         1153    .ARM.Collect$$rtentry$$00000004  c_w.l(__rtentry4.o)
    0x080001c4   0x080001c4   0x00000000   Code   RO         1143    .ARM.Collect$$rtentry$$00000009  c_w.l(__rtentry2.o)
    0x080001c4   0x080001c4   0x00000004   Code   RO         1144    .ARM.Collect$$rtentry$$0000000A  c_w.l(__rtentry2.o)
    0x080001c8   0x080001c8   0x00000000   Code   RO         1146    .ARM.Collect$$rtentry$$0000000C  c_w.l(__rtentry2.o)
    0x080001c8   0x080001c8   0x00000008   Code   RO         1147    .ARM.Collect$$rtentry$$0000000D  c_w.l(__rtentry2.o)
    0x080001d0   0x080001d0   0x00000002   Code   RO         1178    .ARM.Collect$$rtexit$$00000000  c_w.l(rtexit.o)
    0x080001d2   0x080001d2   0x00000000   Code   RO         1226    .ARM.Collect$$rtexit$$00000002  c_w.l(rtexit2.o)
    0x080001d2   0x080001d2   0x00000004   Code   RO         1227    .ARM.Collect$$rtexit$$00000003  c_w.l(rtexit2.o)
    0x080001d6   0x080001d6   0x00000006   Code   RO         1228    .ARM.Collect$$rtexit$$00000004  c_w.l(rtexit2.o)
    0x080001dc   0x080001dc   0x00000c10   Code   RO            1    .text               instance.o
    0x08000dec   0x08000dec   0x00001140   Code   RO          181    .text               instance_common.o
    0x08001f2c   0x08001f2c   0x000018da   Code   RO          205    .text               deca_device.o
    0x08003806   0x08003806   0x00000002   PAD
    0x08003808   0x08003808   0x000000d8   Code   RO          261    .text               deca_range_tables.o
    0x080038e0   0x080038e0   0x0000002c   Code   RO          280    .text               deca_mutex.o
    0x0800390c   0x0800390c   0x000000e0   Code   RO          292    .text               deca_spi.o
    0x080039ec   0x080039ec   0x00000110   Code   RO          304    .text               device_info.o
    0x08003afc   0x08003afc   0x00000340   Code   RO          327    .text               main.o
    0x08003e3c   0x08003e3c   0x00000060   Code   RO          384    .text               stm32f10x_it.o
    0x08003e9c   0x08003e9c   0x000000d0   Code   RO          428    .text               led.o
    0x08003f6c   0x08003f6c   0x00000398   Code   RO          440    .text               port.o
    0x08004304   0x08004304   0x00000118   Code   RO          457    .text               stmflash.o
    0x0800441c   0x0800441c   0x00000198   Code   RO          473    .text               hw_config.o
    0x080045b4   0x080045b4   0x000000b4   Code   RO          553    .text               usb_endp.o
    0x08004668   0x08004668   0x00000150   Code   RO          571    .text               usb_istr.o
    0x080047b8   0x080047b8   0x0000000c   Code   RO          591    .text               usb_it.o
    0x080047c4   0x080047c4   0x000001f4   Code   RO          603    .text               usb_prop.o
    0x080049b8   0x080049b8   0x000001b0   Code   RO          628    .text               usb_pwr.o
    0x08004b68   0x08004b68   0x000007c8   Code   RO          650    .text               usb_core.o
    0x08005330   0x08005330   0x00000028   Code   RO          666    .text               usb_init.o
    0x08005358   0x08005358   0x000001c4   Code   RO          692    .text               usb_int.o
    0x0800551c   0x0800551c   0x00000048   Code   RO          716    .text               usb_mem.o
    0x08005564   0x08005564   0x000006b0   Code   RO          728    .text               usb_regs.o
    0x08005c14   0x08005c14   0x0000006c   Code   RO          741    .text               usb_sil.o
    0x08005c80   0x08005c80   0x000000ac   Code   RO          753    .text               delay.o
    0x08005d2c   0x08005d2c   0x000001ec   Code   RO          784    .text               usart.o
    0x08005f18   0x08005f18   0x00000078   Code   RO          814    .text               dma.o
    0x08005f90   0x08005f90   0x000003d6   Code   RO          830    .text               queue.o
    0x08006366   0x08006366   0x00000002   PAD
    0x08006368   0x08006368   0x000000b0   Code   RO          848    .text               misc.o
    0x08006418   0x08006418   0x000001c8   Code   RO          860    .text               stm32f10x_dma.o
    0x080065e0   0x080065e0   0x000000e8   Code   RO          872    .text               stm32f10x_exti.o
    0x080066c8   0x080066c8   0x0000047c   Code   RO          884    .text               stm32f10x_flash.o
    0x08006b44   0x08006b44   0x0000026c   Code   RO          897    .text               stm32f10x_gpio.o
    0x08006db0   0x08006db0   0x000002b4   Code   RO          909    .text               stm32f10x_rcc.o
    0x08007064   0x08007064   0x00000274   Code   RO          923    .text               stm32f10x_spi.o
    0x080072d8   0x080072d8   0x00000328   Code   RO          935    .text               stm32f10x_usart.o
    0x08007600   0x08007600   0x00000040   Code   RO          950    .text               startup_stm32f10x_md.o
    0x08007640   0x08007640   0x00000154   Code   RO          954    .text               system_stm32f10x.o
    0x08007794   0x08007794   0x00000002   Code   RO          974    .text               c_w.l(use_no_semi_2.o)
    0x08007796   0x08007796   0x00000002   PAD
    0x08007798   0x08007798   0x00000018   Code   RO          976    .text               c_w.l(__2printf.o)
    0x080077b0   0x080077b0   0x0000002c   Code   RO          978    .text               c_w.l(__2sprintf.o)
    0x080077dc   0x080077dc   0x0000004e   Code   RO          986    .text               c_w.l(_printf_pad.o)
    0x0800782a   0x0800782a   0x00000052   Code   RO          988    .text               c_w.l(_printf_str.o)
    0x0800787c   0x0800787c   0x00000078   Code   RO          990    .text               c_w.l(_printf_dec.o)
    0x080078f4   0x080078f4   0x00000058   Code   RO          995    .text               c_w.l(_printf_hex_int.o)
    0x0800794c   0x0800794c   0x00000188   Code   RO         1030    .text               c_w.l(__printf_flags_ss_wp.o)
    0x08007ad4   0x08007ad4   0x0000008a   Code   RO         1037    .text               c_w.l(rt_memcpy_v6.o)
    0x08007b5e   0x08007b5e   0x00000064   Code   RO         1039    .text               c_w.l(rt_memcpy_w.o)
    0x08007bc2   0x08007bc2   0x0000004e   Code   RO         1041    .text               c_w.l(rt_memclr_w.o)
    0x08007c10   0x08007c10   0x00000006   Code   RO         1043    .text               c_w.l(heapauxi.o)
    0x08007c16   0x08007c16   0x00000002   Code   RO         1111    .text               c_w.l(use_no_semi.o)
    0x08007c18   0x08007c18   0x000000b2   Code   RO         1114    .text               c_w.l(_printf_intcommon.o)
    0x08007cca   0x08007cca   0x00000002   PAD
    0x08007ccc   0x08007ccc   0x00000030   Code   RO         1116    .text               c_w.l(_printf_char_common.o)
    0x08007cfc   0x08007cfc   0x0000000a   Code   RO         1118    .text               c_w.l(_sputc.o)
    0x08007d06   0x08007d06   0x0000002c   Code   RO         1120    .text               c_w.l(_printf_char.o)
    0x08007d32   0x08007d32   0x00000002   PAD
    0x08007d34   0x08007d34   0x00000024   Code   RO         1122    .text               c_w.l(_printf_char_file.o)
    0x08007d58   0x08007d58   0x00000008   Code   RO         1157    .text               c_w.l(ferror.o)
    0x08007d60   0x08007d60   0x0000004a   Code   RO         1163    .text               c_w.l(sys_stackheap_outer.o)
    0x08007daa   0x08007daa   0x00000012   Code   RO         1165    .text               c_w.l(exit.o)
    0x08007dbc   0x08007dbc   0x00000008   Code   RO         1175    .text               c_w.l(libspace.o)
    0x08007dc4   0x08007dc4   0x0000000e   Code   RO         1023    i._is_digit         c_w.l(__printf_wp.o)
    0x08007dd2   0x08007dd2   0x00000002   PAD
    0x08007dd4   0x08007dd4   0x000000dc   Code   RO         1108    i.ceil              m_ws.l(ceil.o)
    0x08007eb0   0x08007eb0   0x00000062   Code   RO         1047    x$fpl$d2f           fz_ws.l(d2f.o)
    0x08007f12   0x08007f12   0x00000002   PAD
    0x08007f14   0x08007f14   0x00000150   Code   RO         1049    x$fpl$dadd          fz_ws.l(daddsub_clz.o)
    0x08008064   0x08008064   0x00000010   Code   RO         1125    x$fpl$dcheck1       fz_ws.l(dcheck1.o)
    0x08008074   0x08008074   0x00000018   Code   RO         1127    x$fpl$dcmpinf       fz_ws.l(dcmpi.o)
    0x0800808c   0x0800808c   0x000002b0   Code   RO         1056    x$fpl$ddiv          fz_ws.l(ddiv.o)
    0x0800833c   0x0800833c   0x0000005e   Code   RO         1059    x$fpl$dfix          fz_ws.l(dfix.o)
    0x0800839a   0x0800839a   0x0000002e   Code   RO         1068    x$fpl$dflt          fz_ws.l(dflt_clz.o)
    0x080083c8   0x080083c8   0x000000a2   Code   RO         1073    x$fpl$dfltll        fz_ws.l(dfltll_clz.o)
    0x0800846a   0x0800846a   0x00000026   Code   RO         1067    x$fpl$dfltu         fz_ws.l(dflt_clz.o)
    0x08008490   0x08008490   0x00000078   Code   RO         1077    x$fpl$dleqf         fz_ws.l(dleqf.o)
    0x08008508   0x08008508   0x00000154   Code   RO         1079    x$fpl$dmul          fz_ws.l(dmul.o)
    0x0800865c   0x0800865c   0x0000009c   Code   RO         1129    x$fpl$dnaninf       fz_ws.l(dnaninf.o)
    0x080086f8   0x080086f8   0x0000000c   Code   RO         1131    x$fpl$dretinf       fz_ws.l(dretinf.o)
    0x08008704   0x08008704   0x0000006c   Code   RO         1081    x$fpl$drleqf        fz_ws.l(drleqf.o)
    0x08008770   0x08008770   0x00000016   Code   RO         1050    x$fpl$drsb          fz_ws.l(daddsub_clz.o)
    0x08008786   0x08008786   0x00000002   PAD
    0x08008788   0x08008788   0x000001d4   Code   RO         1051    x$fpl$dsub          fz_ws.l(daddsub_clz.o)
    0x0800895c   0x0800895c   0x00000056   Code   RO         1083    x$fpl$f2d           fz_ws.l(f2d.o)
    0x080089b2   0x080089b2   0x00000002   PAD
    0x080089b4   0x080089b4   0x000000c4   Code   RO         1085    x$fpl$fadd          fz_ws.l(faddsub_clz.o)
    0x08008a78   0x08008a78   0x0000000c   Code   RO         1133    x$fpl$fcheck1       fz_ws.l(fcheck1.o)
    0x08008a84   0x08008a84   0x00000184   Code   RO         1092    x$fpl$fdiv          fz_ws.l(fdiv.o)
    0x08008c08   0x08008c08   0x00000030   Code   RO         1096    x$fpl$fflt          fz_ws.l(fflt_clz.o)
    0x08008c38   0x08008c38   0x00000102   Code   RO         1101    x$fpl$fmul          fz_ws.l(fmul.o)
    0x08008d3a   0x08008d3a   0x0000008c   Code   RO         1135    x$fpl$fnaninf       fz_ws.l(fnaninf.o)
    0x08008dc6   0x08008dc6   0x0000000a   Code   RO         1137    x$fpl$fretinf       fz_ws.l(fretinf.o)
    0x08008dd0   0x08008dd0   0x000000ea   Code   RO         1087    x$fpl$fsub          fz_ws.l(faddsub_clz.o)
    0x08008eba   0x08008eba   0x00000002   PAD
    0x08008ebc   0x08008ebc   0x00000078   Code   RO         1063    x$fpl$llufromd      fz_ws.l(dfixull.o)
    0x08008f34   0x08008f34   0x00000064   Code   RO         1161    x$fpl$retnan        fz_ws.l(retnan.o)
    0x08008f98   0x08008f98   0x0000005c   Code   RO         1103    x$fpl$scalbn        fz_ws.l(scalbn.o)
    0x08008ff4   0x08008ff4   0x0000004c   Code   RO         1105    x$fpl$scalbnf       fz_ws.l(scalbnf.o)
    0x08009040   0x08009040   0x00000030   Code   RO         1173    x$fpl$trapveneer    fz_ws.l(trapv.o)
    0x08009070   0x08009070   0x00000000   Code   RO         1139    x$fpl$usenofp       fz_ws.l(usenofp.o)
    0x08009070   0x08009070   0x00000060   Data   RO          160    .constdata          instance_calib.o
    0x080090d0   0x080090d0   0x00000004   Data   RO          161    .constdata          instance_calib.o
    0x080090d4   0x080090d4   0x00000004   Data   RO          162    .constdata          instance_calib.o
    0x080090d8   0x080090d8   0x00000008   Data   RO          233    .constdata          deca_params_init.o
    0x080090e0   0x080090e0   0x00000018   Data   RO          234    .constdata          deca_params_init.o
    0x080090f8   0x080090f8   0x0000001e   Data   RO          235    .constdata          deca_params_init.o
    0x08009116   0x08009116   0x00000001   Data   RO          236    .constdata          deca_params_init.o
    0x08009117   0x08009117   0x00000002   Data   RO          237    .constdata          deca_params_init.o
    0x08009119   0x08009119   0x00000003   PAD
    0x0800911c   0x0800911c   0x00000008   Data   RO          238    .constdata          deca_params_init.o
    0x08009124   0x08009124   0x00000003   Data   RO          239    .constdata          deca_params_init.o
    0x08009127   0x08009127   0x00000001   PAD
    0x08009128   0x08009128   0x0000000c   Data   RO          240    .constdata          deca_params_init.o
    0x08009134   0x08009134   0x00000004   Data   RO          241    .constdata          deca_params_init.o
    0x08009138   0x08009138   0x00000020   Data   RO          242    .constdata          deca_params_init.o
    0x08009158   0x08009158   0x00000032   Data   RO          243    .constdata          deca_params_init.o
    0x0800918a   0x0800918a   0x0000020a   Data   RO          262    .constdata          deca_range_tables.o
    0x08009394   0x08009394   0x00000012   Data   RO          536    .constdata          usb_desc.o
    0x080093a6   0x080093a6   0x00000043   Data   RO          537    .constdata          usb_desc.o
    0x080093e9   0x080093e9   0x00000004   Data   RO          538    .constdata          usb_desc.o
    0x080093ed   0x080093ed   0x00000018   Data   RO          539    .constdata          usb_desc.o
    0x08009405   0x08009405   0x00000026   Data   RO          540    .constdata          usb_desc.o
    0x0800942b   0x0800942b   0x00000028   Data   RO          996    .constdata          c_w.l(_printf_hex_int.o)
    0x08009453   0x08009453   0x00000011   Data   RO         1031    .constdata          c_w.l(__printf_flags_ss_wp.o)
    0x08009464   0x08009464   0x0000004b   Data   RO          207    .conststring        deca_device.o
    0x080094af   0x080094af   0x00000001   PAD
    0x080094b0   0x080094b0   0x00000020   Data   RO         1298    Region$$Table       anon$$obj.o


    Execution Region RW_IRAM1 (Exec base: 0x20000000, Load base: 0x080094d0, Size: 0x000022c8, Max: 0x00005000, ABSOLUTE, COMPRESSED[0x000000c4])

    Exec Addr    Load Addr    Size         Type   Attr      Idx    E Section Name        Object

    0x20000000   COMPRESSED   0x00000004   Data   RW          208    .data               deca_device.o
    0x20000004   COMPRESSED   0x00000004   PAD
    0x20000008   COMPRESSED   0x00000058   Data   RW          330    .data               main.o
    0x20000060   COMPRESSED   0x00000004   Data   RW          385    .data               stm32f10x_it.o
    0x20000064   COMPRESSED   0x00000008   Data   RW          477    .data               hw_config.o
    0x2000006c   COMPRESSED   0x00000026   Data   RW          541    .data               usb_desc.o
    0x20000092   COMPRESSED   0x00000002   PAD
    0x20000094   COMPRESSED   0x00000008   Data   RW          555    .data               usb_endp.o
    0x2000009c   COMPRESSED   0x0000000c   Data   RW          572    .data               usb_istr.o
    0x200000a8   COMPRESSED   0x0000001c   Data   RW          573    .data               usb_istr.o
    0x200000c4   COMPRESSED   0x0000001c   Data   RW          574    .data               usb_istr.o
    0x200000e0   COMPRESSED   0x0000006c   Data   RW          604    .data               usb_prop.o
    0x2000014c   COMPRESSED   0x00000002   Data   RW          605    .data               usb_prop.o
    0x2000014e   COMPRESSED   0x00000002   PAD
    0x20000150   COMPRESSED   0x00000024   Data   RW          606    .data               usb_prop.o
    0x20000174   COMPRESSED   0x00000004   Data   RW          630    .data               usb_pwr.o
    0x20000178   COMPRESSED   0x00000001   Data   RW          631    .data               usb_pwr.o
    0x20000179   COMPRESSED   0x00000003   PAD
    0x2000017c   COMPRESSED   0x00000008   Data   RW          632    .data               usb_pwr.o
    0x20000184   COMPRESSED   0x00000004   Data   RW          651    .data               usb_core.o
    0x20000188   COMPRESSED   0x00000001   Data   RW          668    .data               usb_init.o
    0x20000189   COMPRESSED   0x00000003   PAD
    0x2000018c   COMPRESSED   0x0000000c   Data   RW          669    .data               usb_init.o
    0x20000198   COMPRESSED   0x00000002   Data   RW          671    .data               usb_init.o
    0x2000019a   COMPRESSED   0x00000004   Data   RW          693    .data               usb_int.o
    0x2000019e   COMPRESSED   0x00000004   Data   RW          754    .data               delay.o
    0x200001a2   COMPRESSED   0x00000004   Data   RW          787    .data               usart.o
    0x200001a6   COMPRESSED   0x00000002   PAD
    0x200001a8   COMPRESSED   0x00000004   Data   RW          788    .data               usart.o
    0x200001ac   COMPRESSED   0x00000002   Data   RW          816    .data               dma.o
    0x200001ae   COMPRESSED   0x00000014   Data   RW          910    .data               stm32f10x_rcc.o
    0x200001c2   COMPRESSED   0x00000002   PAD
    0x200001c4   COMPRESSED   0x00000014   Data   RW          955    .data               system_stm32f10x.o
    0x200001d8        -       0x00000820   Zero   RW          182    .bss                instance_common.o
    0x200009f8        -       0x000000bc   Zero   RW          206    .bss                deca_device.o
    0x20000ab4        -       0x00000060   Zero   RW          305    .bss                device_info.o
    0x20000b14        -       0x00000183   Zero   RW          328    .bss                main.o
    0x20000c97   COMPRESSED   0x00000001   PAD
    0x20000c98        -       0x00000400   Zero   RW          458    .bss                stmflash.o
    0x20001098        -       0x00000a20   Zero   RW          474    .bss                hw_config.o
    0x20001ab8        -       0x00000080   Zero   RW          554    .bss                usb_endp.o
    0x20001b38        -       0x00000020   Zero   RW          629    .bss                usb_pwr.o
    0x20001b58        -       0x0000001c   Zero   RW          667    .bss                usb_init.o
    0x20001b74        -       0x000000c8   Zero   RW          785    .bss                usart.o
    0x20001c3c        -       0x0000002c   Zero   RW          815    .bss                dma.o
    0x20001c68        -       0x00000060   Zero   RW         1176    .bss                c_w.l(libspace.o)
    0x20001cc8        -       0x00000200   Zero   RW          948    HEAP                startup_stm32f10x_md.o
    0x20001ec8        -       0x00000400   Zero   RW          947    STACK               startup_stm32f10x_md.o


==============================================================================

Image component sizes


      Code (inc. data)   RO Data    RW Data    ZI Data      Debug   Object Name

      6362        132         75          4        188      29438   deca_device.o
        44          0          0          0          0        787   deca_mutex.o
         0          0        174          0          0       1812   deca_params_init.o
       216         16        522          0          0       2159   deca_range_tables.o
       224         10          0          0          0       2036   deca_spi.o
       172         12          0          4          0       1249   delay.o
       272         44          0          0         96       2934   device_info.o
       120         14          0          2         44       1373   dma.o
       408         34          0          8       2592      16865   hw_config.o
      3088        106          0          0          0     273358   instance.o
         0          0        104          0          0       7257   instance_calib.o
      4416        102          0          0       2080      37799   instance_common.o
       208         26          0          0          0        848   led.o
       832        108          0         88        387       4633   main.o
       176         14          0          0          0       1941   misc.o
       920         26          0          0          0      20021   port.o
       982          0          0          0          0       9163   queue.o
        64         26        236          0       1536        804   startup_stm32f10x_md.o
       456         10          0          0          0       4730   stm32f10x_dma.o
       232          8          0          0          0       2443   stm32f10x_exti.o
      1148         22          0          0          0       9344   stm32f10x_flash.o
       620         36          0          0          0       5909   stm32f10x_gpio.o
        96          4          0          4          0       2058   stm32f10x_it.o
       692         32          0         20          0       9052   stm32f10x_rcc.o
       628         14          0          0          0       7046   stm32f10x_spi.o
       808         22          0          0          0       8828   stm32f10x_usart.o
       280          6          0          0       1024       2800   stmflash.o
         0          0          0          0          0         32   sys.o
       340         32          0         20          0       1815   system_stm32f10x.o
       492         30          0          8        200      19124   usart.o
      1992         88          0          4          0       8309   usb_core.o
         0          0        151         38          0        987   usb_desc.o
       180         12          0          8        128       1524   usb_endp.o
        40         18          0         15         28       3834   usb_init.o
       452         28          0          4          0       1727   usb_int.o
       336         26          0         68          0       1491   usb_istr.o
        12          0          0          0          0        522   usb_it.o
        72          6          0          0          0       1290   usb_mem.o
       500         22          0        146          0       7023   usb_prop.o
       432         36          0         13         32       2805   usb_pwr.o
      1712         28          0          0          0      11283   usb_regs.o
       108         10          0          0          0       1314   usb_sil.o

    ----------------------------------------------------------------------
     30136       1160       1299        472       8336     529767   Object Totals
         0          0         32          0          0          0   (incl. Generated)
         4          0          5         18          1          0   (incl. Padding)

    ----------------------------------------------------------------------

      Code (inc. data)   RO Data    RW Data    ZI Data      Debug   Library Member Name

        24          4          0          0          0         84   __2printf.o
        44          6          0          0          0         84   __2sprintf.o
        90          0          0          0          0          0   __dczerorl2.o
         8          0          0          0          0         68   __main.o
       392          4         17          0          0         92   __printf_flags_ss_wp.o
        14          0          0          0          0         68   __printf_wp.o
         0          0          0          0          0          0   __rtentry.o
        12          0          0          0          0          0   __rtentry2.o
         6          0          0          0          0          0   __rtentry4.o
        52          8          0          0          0          0   __scatter.o
        28          0          0          0          0          0   __scatter_zi.o
        44          0          0          0          0        108   _printf_char.o
        48          6          0          0          0         96   _printf_char_common.o
        36          4          0          0          0         80   _printf_char_file.o
         6          0          0          0          0          0   _printf_d.o
       120         16          0          0          0         92   _printf_dec.o
        88          4         40          0          0         88   _printf_hex_int.o
       178          0          0          0          0         88   _printf_intcommon.o
        78          0          0          0          0        108   _printf_pad.o
         0          0          0          0          0          0   _printf_percent.o
         4          0          0          0          0          0   _printf_percent_end.o
         6          0          0          0          0          0   _printf_s.o
        82          0          0          0          0         80   _printf_str.o
         6          0          0          0          0          0   _printf_x.o
        10          0          0          0          0         68   _sputc.o
        18          0          0          0          0         80   exit.o
         8          0          0          0          0         68   ferror.o
         6          0          0          0          0        152   heapauxi.o
         2          0          0          0          0          0   libinit.o
         2          0          0          0          0          0   libinit2.o
         2          0          0          0          0          0   libshutdown.o
         2          0          0          0          0          0   libshutdown2.o
         8          4          0          0         96         68   libspace.o
        78          0          0          0          0         80   rt_memclr_w.o
       138          0          0          0          0         68   rt_memcpy_v6.o
       100          0          0          0          0         80   rt_memcpy_w.o
         2          0          0          0          0          0   rtexit.o
        10          0          0          0          0          0   rtexit2.o
        74          0          0          0          0         80   sys_stackheap_outer.o
         2          0          0          0          0         68   use_no_semi.o
         2          0          0          0          0         68   use_no_semi_2.o
        98          4          0          0          0         92   d2f.o
       826         16          0          0          0        348   daddsub_clz.o
        16          4          0          0          0         68   dcheck1.o
        24          0          0          0          0         68   dcmpi.o
       688        140          0          0          0        208   ddiv.o
        94          4          0          0          0         92   dfix.o
       120          4          0          0          0        104   dfixull.o
        84          0          0          0          0        136   dflt_clz.o
       162          0          0          0          0         84   dfltll_clz.o
       120          4          0          0          0         92   dleqf.o
       340         12          0          0          0        104   dmul.o
       156          4          0          0          0         92   dnaninf.o
        12          0          0          0          0         68   dretinf.o
       108          0          0          0          0         80   drleqf.o
        86          4          0          0          0         84   f2d.o
       430          8          0          0          0        168   faddsub_clz.o
        12          4          0          0          0         68   fcheck1.o
       388         76          0          0          0         96   fdiv.o
        48          0          0          0          0         68   fflt_clz.o
       258          4          0          0          0         84   fmul.o
       140          4          0          0          0         84   fnaninf.o
        10          0          0          0          0         68   fretinf.o
       100          0          0          0          0         68   retnan.o
        92          0          0          0          0         68   scalbn.o
        76          0          0          0          0         68   scalbnf.o
        48          0          0          0          0         68   trapv.o
         0          0          0          0          0          0   usenofp.o
       220         16          0          0          0         84   ceil.o

    ----------------------------------------------------------------------
      6604        364         57          0         96       4728   Library Totals
        18          0          0          0          0          0   (incl. Padding)

    ----------------------------------------------------------------------

      Code (inc. data)   RO Data    RW Data    ZI Data      Debug   Library Name

      1830         56         57          0         96       2016   c_w.l
      4536        292          0          0          0       2628   fz_ws.l
       220         16          0          0          0         84   m_ws.l

    ----------------------------------------------------------------------
      6604        364         57          0         96       4728   Library Totals

    ----------------------------------------------------------------------

==============================================================================


      Code (inc. data)   RO Data    RW Data    ZI Data      Debug   

     36740       1524       1356        472       8432     526951   Grand Totals
     36740       1524       1356        196       8432     526951   ELF Image Totals (compressed)
     36740       1524       1356        196          0          0   ROM Totals

==============================================================================

    Total RO  Size (Code + RO Data)                38096 (  37.20kB)
    Total RW  Size (RW Data + ZI Data)              8904 (   8.70kB)
    Total ROM Size (Code + RO Data + RW Data)      38292 (  37.39kB)

==============================================================================

